<!doctype html public "-//w3c//dtd html 4.0 transitional//en">
<html><head>
<title>Static Call Graph - [..\output\STM32-DSP-CAN-Boot.axf]</title></head>
<body><HR>
<H1>Static Call Graph for image ..\output\STM32-DSP-CAN-Boot.axf</H1><HR>
<BR><P>#&#060CALLGRAPH&#062# ARM Linker, 5060422: Last Updated: Mon May 29 11:38:08 2017
<BR><P>
<H3>Maximum Stack Usage =        512 bytes + Unknown(Cycles, Untraceable Function Pointers)</H3><H3>
Call chain for Maximum Stack Depth:</H3>
main &rArr; CAN_IAP_Hex &rArr; f_open &rArr; dir_register &rArr; dir_find &rArr; dir_next &rArr; create_chain &rArr; put_fat &rArr; move_window &rArr; sync_window &rArr; disk_write &rArr; SD_WriteMultiBlocks &rArr; SD_LowLevel_DMA_TxConfig &rArr; DMA_Init
<P>
<H3>
Mutually Recursive functions
</H3> <LI><a href="#[1c]">ADC_IRQHandler</a>&nbsp;&nbsp;&nbsp;&rArr;&nbsp;&nbsp;&nbsp;<a href="#[1c]">ADC_IRQHandler</a><BR>
</UL>
<P>
<H3>
Function Pointers
</H3><UL>
 <LI><a href="#[1c]">ADC_IRQHandler</a> from startup_stm32f40_41xxx.o(.text) referenced from startup_stm32f40_41xxx.o(RESET)
 <LI><a href="#[4]">BusFault_Handler</a> from stm32f4xx_it.o(i.BusFault_Handler) referenced from startup_stm32f40_41xxx.o(RESET)
 <LI><a href="#[1e]">CAN1_RX0_IRQHandler</a> from cana.o(i.CAN1_RX0_IRQHandler) referenced from startup_stm32f40_41xxx.o(RESET)
 <LI><a href="#[1f]">CAN1_RX1_IRQHandler</a> from startup_stm32f40_41xxx.o(.text) referenced from startup_stm32f40_41xxx.o(RESET)
 <LI><a href="#[20]">CAN1_SCE_IRQHandler</a> from startup_stm32f40_41xxx.o(.text) referenced from startup_stm32f40_41xxx.o(RESET)
 <LI><a href="#[1d]">CAN1_TX_IRQHandler</a> from startup_stm32f40_41xxx.o(.text) referenced from startup_stm32f40_41xxx.o(RESET)
 <LI><a href="#[4a]">CAN2_RX0_IRQHandler</a> from startup_stm32f40_41xxx.o(.text) referenced from startup_stm32f40_41xxx.o(RESET)
 <LI><a href="#[4b]">CAN2_RX1_IRQHandler</a> from startup_stm32f40_41xxx.o(.text) referenced from startup_stm32f40_41xxx.o(RESET)
 <LI><a href="#[4c]">CAN2_SCE_IRQHandler</a> from startup_stm32f40_41xxx.o(.text) referenced from startup_stm32f40_41xxx.o(RESET)
 <LI><a href="#[49]">CAN2_TX_IRQHandler</a> from startup_stm32f40_41xxx.o(.text) referenced from startup_stm32f40_41xxx.o(RESET)
 <LI><a href="#[59]">CRYP_IRQHandler</a> from startup_stm32f40_41xxx.o(.text) referenced from startup_stm32f40_41xxx.o(RESET)
 <LI><a href="#[58]">DCMI_IRQHandler</a> from startup_stm32f40_41xxx.o(.text) referenced from startup_stm32f40_41xxx.o(RESET)
 <LI><a href="#[15]">DMA1_Stream0_IRQHandler</a> from startup_stm32f40_41xxx.o(.text) referenced from startup_stm32f40_41xxx.o(RESET)
 <LI><a href="#[16]">DMA1_Stream1_IRQHandler</a> from startup_stm32f40_41xxx.o(.text) referenced from startup_stm32f40_41xxx.o(RESET)
 <LI><a href="#[17]">DMA1_Stream2_IRQHandler</a> from startup_stm32f40_41xxx.o(.text) referenced from startup_stm32f40_41xxx.o(RESET)
 <LI><a href="#[18]">DMA1_Stream3_IRQHandler</a> from startup_stm32f40_41xxx.o(.text) referenced from startup_stm32f40_41xxx.o(RESET)
 <LI><a href="#[19]">DMA1_Stream4_IRQHandler</a> from startup_stm32f40_41xxx.o(.text) referenced from startup_stm32f40_41xxx.o(RESET)
 <LI><a href="#[1a]">DMA1_Stream5_IRQHandler</a> from startup_stm32f40_41xxx.o(.text) referenced from startup_stm32f40_41xxx.o(RESET)
 <LI><a href="#[1b]">DMA1_Stream6_IRQHandler</a> from startup_stm32f40_41xxx.o(.text) referenced from startup_stm32f40_41xxx.o(RESET)
 <LI><a href="#[39]">DMA1_Stream7_IRQHandler</a> from startup_stm32f40_41xxx.o(.text) referenced from startup_stm32f40_41xxx.o(RESET)
 <LI><a href="#[42]">DMA2_Stream0_IRQHandler</a> from startup_stm32f40_41xxx.o(.text) referenced from startup_stm32f40_41xxx.o(RESET)
 <LI><a href="#[43]">DMA2_Stream1_IRQHandler</a> from startup_stm32f40_41xxx.o(.text) referenced from startup_stm32f40_41xxx.o(RESET)
 <LI><a href="#[44]">DMA2_Stream2_IRQHandler</a> from startup_stm32f40_41xxx.o(.text) referenced from startup_stm32f40_41xxx.o(RESET)
 <LI><a href="#[45]">DMA2_Stream3_IRQHandler</a> from sdio_sd.o(i.DMA2_Stream3_IRQHandler) referenced from startup_stm32f40_41xxx.o(RESET)
 <LI><a href="#[46]">DMA2_Stream4_IRQHandler</a> from startup_stm32f40_41xxx.o(.text) referenced from startup_stm32f40_41xxx.o(RESET)
 <LI><a href="#[4e]">DMA2_Stream5_IRQHandler</a> from startup_stm32f40_41xxx.o(.text) referenced from startup_stm32f40_41xxx.o(RESET)
 <LI><a href="#[4f]">DMA2_Stream6_IRQHandler</a> from startup_stm32f40_41xxx.o(.text) referenced from startup_stm32f40_41xxx.o(RESET)
 <LI><a href="#[50]">DMA2_Stream7_IRQHandler</a> from startup_stm32f40_41xxx.o(.text) referenced from startup_stm32f40_41xxx.o(RESET)
 <LI><a href="#[7]">DebugMon_Handler</a> from stm32f4xx_it.o(i.DebugMon_Handler) referenced from startup_stm32f40_41xxx.o(RESET)
 <LI><a href="#[47]">ETH_IRQHandler</a> from startup_stm32f40_41xxx.o(.text) referenced from startup_stm32f40_41xxx.o(RESET)
 <LI><a href="#[48]">ETH_WKUP_IRQHandler</a> from startup_stm32f40_41xxx.o(.text) referenced from startup_stm32f40_41xxx.o(RESET)
 <LI><a href="#[10]">EXTI0_IRQHandler</a> from startup_stm32f40_41xxx.o(.text) referenced from startup_stm32f40_41xxx.o(RESET)
 <LI><a href="#[32]">EXTI15_10_IRQHandler</a> from startup_stm32f40_41xxx.o(.text) referenced from startup_stm32f40_41xxx.o(RESET)
 <LI><a href="#[11]">EXTI1_IRQHandler</a> from startup_stm32f40_41xxx.o(.text) referenced from startup_stm32f40_41xxx.o(RESET)
 <LI><a href="#[12]">EXTI2_IRQHandler</a> from startup_stm32f40_41xxx.o(.text) referenced from startup_stm32f40_41xxx.o(RESET)
 <LI><a href="#[13]">EXTI3_IRQHandler</a> from startup_stm32f40_41xxx.o(.text) referenced from startup_stm32f40_41xxx.o(RESET)
 <LI><a href="#[14]">EXTI4_IRQHandler</a> from startup_stm32f40_41xxx.o(.text) referenced from startup_stm32f40_41xxx.o(RESET)
 <LI><a href="#[21]">EXTI9_5_IRQHandler</a> from startup_stm32f40_41xxx.o(.text) referenced from startup_stm32f40_41xxx.o(RESET)
 <LI><a href="#[e]">FLASH_IRQHandler</a> from startup_stm32f40_41xxx.o(.text) referenced from startup_stm32f40_41xxx.o(RESET)
 <LI><a href="#[5b]">FPU_IRQHandler</a> from startup_stm32f40_41xxx.o(.text) referenced from startup_stm32f40_41xxx.o(RESET)
 <LI><a href="#[3a]">FSMC_IRQHandler</a> from startup_stm32f40_41xxx.o(.text) referenced from startup_stm32f40_41xxx.o(RESET)
 <LI><a href="#[5a]">HASH_RNG_IRQHandler</a> from startup_stm32f40_41xxx.o(.text) referenced from startup_stm32f40_41xxx.o(RESET)
 <LI><a href="#[2]">HardFault_Handler</a> from stm32f4xx_it.o(i.HardFault_Handler) referenced from startup_stm32f40_41xxx.o(RESET)
 <LI><a href="#[2a]">I2C1_ER_IRQHandler</a> from startup_stm32f40_41xxx.o(.text) referenced from startup_stm32f40_41xxx.o(RESET)
 <LI><a href="#[29]">I2C1_EV_IRQHandler</a> from startup_stm32f40_41xxx.o(.text) referenced from startup_stm32f40_41xxx.o(RESET)
 <LI><a href="#[2c]">I2C2_ER_IRQHandler</a> from startup_stm32f40_41xxx.o(.text) referenced from startup_stm32f40_41xxx.o(RESET)
 <LI><a href="#[2b]">I2C2_EV_IRQHandler</a> from startup_stm32f40_41xxx.o(.text) referenced from startup_stm32f40_41xxx.o(RESET)
 <LI><a href="#[53]">I2C3_ER_IRQHandler</a> from startup_stm32f40_41xxx.o(.text) referenced from startup_stm32f40_41xxx.o(RESET)
 <LI><a href="#[52]">I2C3_EV_IRQHandler</a> from startup_stm32f40_41xxx.o(.text) referenced from startup_stm32f40_41xxx.o(RESET)
 <LI><a href="#[3]">MemManage_Handler</a> from stm32f4xx_it.o(i.MemManage_Handler) referenced from startup_stm32f40_41xxx.o(RESET)
 <LI><a href="#[1]">NMI_Handler</a> from stm32f4xx_it.o(i.NMI_Handler) referenced from startup_stm32f40_41xxx.o(RESET)
 <LI><a href="#[4d]">OTG_FS_IRQHandler</a> from startup_stm32f40_41xxx.o(.text) referenced from startup_stm32f40_41xxx.o(RESET)
 <LI><a href="#[34]">OTG_FS_WKUP_IRQHandler</a> from startup_stm32f40_41xxx.o(.text) referenced from startup_stm32f40_41xxx.o(RESET)
 <LI><a href="#[55]">OTG_HS_EP1_IN_IRQHandler</a> from startup_stm32f40_41xxx.o(.text) referenced from startup_stm32f40_41xxx.o(RESET)
 <LI><a href="#[54]">OTG_HS_EP1_OUT_IRQHandler</a> from startup_stm32f40_41xxx.o(.text) referenced from startup_stm32f40_41xxx.o(RESET)
 <LI><a href="#[57]">OTG_HS_IRQHandler</a> from startup_stm32f40_41xxx.o(.text) referenced from startup_stm32f40_41xxx.o(RESET)
 <LI><a href="#[56]">OTG_HS_WKUP_IRQHandler</a> from startup_stm32f40_41xxx.o(.text) referenced from startup_stm32f40_41xxx.o(RESET)
 <LI><a href="#[b]">PVD_IRQHandler</a> from startup_stm32f40_41xxx.o(.text) referenced from startup_stm32f40_41xxx.o(RESET)
 <LI><a href="#[8]">PendSV_Handler</a> from stm32f4xx_it.o(i.PendSV_Handler) referenced from startup_stm32f40_41xxx.o(RESET)
 <LI><a href="#[f]">RCC_IRQHandler</a> from startup_stm32f40_41xxx.o(.text) referenced from startup_stm32f40_41xxx.o(RESET)
 <LI><a href="#[33]">RTC_Alarm_IRQHandler</a> from startup_stm32f40_41xxx.o(.text) referenced from startup_stm32f40_41xxx.o(RESET)
 <LI><a href="#[d]">RTC_WKUP_IRQHandler</a> from startup_stm32f40_41xxx.o(.text) referenced from startup_stm32f40_41xxx.o(RESET)
 <LI><a href="#[0]">Reset_Handler</a> from startup_stm32f40_41xxx.o(.text) referenced from startup_stm32f40_41xxx.o(RESET)
 <LI><a href="#[3b]">SDIO_IRQHandler</a> from sdio_sd.o(i.SDIO_IRQHandler) referenced from startup_stm32f40_41xxx.o(RESET)
 <LI><a href="#[2d]">SPI1_IRQHandler</a> from startup_stm32f40_41xxx.o(.text) referenced from startup_stm32f40_41xxx.o(RESET)
 <LI><a href="#[2e]">SPI2_IRQHandler</a> from startup_stm32f40_41xxx.o(.text) referenced from startup_stm32f40_41xxx.o(RESET)
 <LI><a href="#[3d]">SPI3_IRQHandler</a> from startup_stm32f40_41xxx.o(.text) referenced from startup_stm32f40_41xxx.o(RESET)
 <LI><a href="#[6]">SVC_Handler</a> from stm32f4xx_it.o(i.SVC_Handler) referenced from startup_stm32f40_41xxx.o(RESET)
 <LI><a href="#[9]">SysTick_Handler</a> from stm32f4xx_it.o(i.SysTick_Handler) referenced from startup_stm32f40_41xxx.o(RESET)
 <LI><a href="#[5d]">SystemInit</a> from system_stm32f4xx.o(i.SystemInit) referenced from startup_stm32f40_41xxx.o(.text)
 <LI><a href="#[c]">TAMP_STAMP_IRQHandler</a> from startup_stm32f40_41xxx.o(.text) referenced from startup_stm32f40_41xxx.o(RESET)
 <LI><a href="#[22]">TIM1_BRK_TIM9_IRQHandler</a> from startup_stm32f40_41xxx.o(.text) referenced from startup_stm32f40_41xxx.o(RESET)
 <LI><a href="#[25]">TIM1_CC_IRQHandler</a> from startup_stm32f40_41xxx.o(.text) referenced from startup_stm32f40_41xxx.o(RESET)
 <LI><a href="#[24]">TIM1_TRG_COM_TIM11_IRQHandler</a> from startup_stm32f40_41xxx.o(.text) referenced from startup_stm32f40_41xxx.o(RESET)
 <LI><a href="#[23]">TIM1_UP_TIM10_IRQHandler</a> from startup_stm32f40_41xxx.o(.text) referenced from startup_stm32f40_41xxx.o(RESET)
 <LI><a href="#[26]">TIM2_IRQHandler</a> from startup_stm32f40_41xxx.o(.text) referenced from startup_stm32f40_41xxx.o(RESET)
 <LI><a href="#[27]">TIM3_IRQHandler</a> from startup_stm32f40_41xxx.o(.text) referenced from startup_stm32f40_41xxx.o(RESET)
 <LI><a href="#[28]">TIM4_IRQHandler</a> from startup_stm32f40_41xxx.o(.text) referenced from startup_stm32f40_41xxx.o(RESET)
 <LI><a href="#[3c]">TIM5_IRQHandler</a> from startup_stm32f40_41xxx.o(.text) referenced from startup_stm32f40_41xxx.o(RESET)
 <LI><a href="#[40]">TIM6_DAC_IRQHandler</a> from startup_stm32f40_41xxx.o(.text) referenced from startup_stm32f40_41xxx.o(RESET)
 <LI><a href="#[41]">TIM7_IRQHandler</a> from startup_stm32f40_41xxx.o(.text) referenced from startup_stm32f40_41xxx.o(RESET)
 <LI><a href="#[35]">TIM8_BRK_TIM12_IRQHandler</a> from startup_stm32f40_41xxx.o(.text) referenced from startup_stm32f40_41xxx.o(RESET)
 <LI><a href="#[38]">TIM8_CC_IRQHandler</a> from startup_stm32f40_41xxx.o(.text) referenced from startup_stm32f40_41xxx.o(RESET)
 <LI><a href="#[37]">TIM8_TRG_COM_TIM14_IRQHandler</a> from startup_stm32f40_41xxx.o(.text) referenced from startup_stm32f40_41xxx.o(RESET)
 <LI><a href="#[36]">TIM8_UP_TIM13_IRQHandler</a> from startup_stm32f40_41xxx.o(.text) referenced from startup_stm32f40_41xxx.o(RESET)
 <LI><a href="#[3e]">UART4_IRQHandler</a> from startup_stm32f40_41xxx.o(.text) referenced from startup_stm32f40_41xxx.o(RESET)
 <LI><a href="#[3f]">UART5_IRQHandler</a> from startup_stm32f40_41xxx.o(.text) referenced from startup_stm32f40_41xxx.o(RESET)
 <LI><a href="#[2f]">USART1_IRQHandler</a> from startup_stm32f40_41xxx.o(.text) referenced from startup_stm32f40_41xxx.o(RESET)
 <LI><a href="#[30]">USART2_IRQHandler</a> from startup_stm32f40_41xxx.o(.text) referenced from startup_stm32f40_41xxx.o(RESET)
 <LI><a href="#[31]">USART3_IRQHandler</a> from startup_stm32f40_41xxx.o(.text) referenced from startup_stm32f40_41xxx.o(RESET)
 <LI><a href="#[51]">USART6_IRQHandler</a> from startup_stm32f40_41xxx.o(.text) referenced from startup_stm32f40_41xxx.o(RESET)
 <LI><a href="#[5]">UsageFault_Handler</a> from stm32f4xx_it.o(i.UsageFault_Handler) referenced from startup_stm32f40_41xxx.o(RESET)
 <LI><a href="#[a]">WWDG_IRQHandler</a> from startup_stm32f40_41xxx.o(.text) referenced from startup_stm32f40_41xxx.o(RESET)
 <LI><a href="#[5e]">__main</a> from entry.o(.ARM.Collect$$$$00000000) referenced from startup_stm32f40_41xxx.o(.text)
 <LI><a href="#[5c]">main</a> from main.o(i.main) referenced from entry9a.o(.ARM.Collect$$$$0000000B)
</UL>
<P>
<H3>
Global Symbols
</H3>
<P><STRONG><a name="[5e]"></a>__main</STRONG> (Thumb, 0 bytes, Stack size unknown bytes, entry.o(.ARM.Collect$$$$00000000))
<BR>[Address Reference Count : 1]<UL><LI> startup_stm32f40_41xxx.o(.text)
</UL>
<P><STRONG><a name="[e9]"></a>_main_stk</STRONG> (Thumb, 0 bytes, Stack size unknown bytes, entry2.o(.ARM.Collect$$$$00000001))

<P><STRONG><a name="[5f]"></a>_main_scatterload</STRONG> (Thumb, 0 bytes, Stack size unknown bytes, entry5.o(.ARM.Collect$$$$00000004))
<BR><BR>[Calls]<UL><LI><a href="#[60]">&gt;&gt;</a>&nbsp;&nbsp;&nbsp;__scatterload
</UL>

<P><STRONG><a name="[64]"></a>__main_after_scatterload</STRONG> (Thumb, 0 bytes, Stack size unknown bytes, entry5.o(.ARM.Collect$$$$00000004))
<BR><BR>[Called By]<UL><LI><a href="#[60]">&gt;&gt;</a>&nbsp;&nbsp;&nbsp;__scatterload
</UL>

<P><STRONG><a name="[ea]"></a>_main_clock</STRONG> (Thumb, 0 bytes, Stack size unknown bytes, entry7b.o(.ARM.Collect$$$$00000008))

<P><STRONG><a name="[eb]"></a>_main_cpp_init</STRONG> (Thumb, 0 bytes, Stack size unknown bytes, entry8b.o(.ARM.Collect$$$$0000000A))

<P><STRONG><a name="[ec]"></a>_main_init</STRONG> (Thumb, 0 bytes, Stack size unknown bytes, entry9a.o(.ARM.Collect$$$$0000000B))

<P><STRONG><a name="[ed]"></a>__rt_final_cpp</STRONG> (Thumb, 0 bytes, Stack size unknown bytes, entry10a.o(.ARM.Collect$$$$0000000D))

<P><STRONG><a name="[ee]"></a>__rt_final_exit</STRONG> (Thumb, 0 bytes, Stack size unknown bytes, entry11a.o(.ARM.Collect$$$$0000000F))

<P><STRONG><a name="[0]"></a>Reset_Handler</STRONG> (Thumb, 8 bytes, Stack size 0 bytes, startup_stm32f40_41xxx.o(.text))
<BR>[Address Reference Count : 1]<UL><LI> startup_stm32f40_41xxx.o(RESET)
</UL>
<P><STRONG><a name="[1c]"></a>ADC_IRQHandler</STRONG> (Thumb, 0 bytes, Stack size 0 bytes, startup_stm32f40_41xxx.o(.text))
<BR><BR>[Calls]<UL><LI><a href="#[1c]">&gt;&gt;</a>&nbsp;&nbsp;&nbsp;ADC_IRQHandler
</UL>
<BR>[Called By]<UL><LI><a href="#[1c]">&gt;&gt;</a>&nbsp;&nbsp;&nbsp;ADC_IRQHandler
</UL>
<BR>[Address Reference Count : 1]<UL><LI> startup_stm32f40_41xxx.o(RESET)
</UL>
<P><STRONG><a name="[1f]"></a>CAN1_RX1_IRQHandler</STRONG> (Thumb, 0 bytes, Stack size 0 bytes, startup_stm32f40_41xxx.o(.text))
<BR>[Address Reference Count : 1]<UL><LI> startup_stm32f40_41xxx.o(RESET)
</UL>
<P><STRONG><a name="[20]"></a>CAN1_SCE_IRQHandler</STRONG> (Thumb, 0 bytes, Stack size 0 bytes, startup_stm32f40_41xxx.o(.text))
<BR>[Address Reference Count : 1]<UL><LI> startup_stm32f40_41xxx.o(RESET)
</UL>
<P><STRONG><a name="[1d]"></a>CAN1_TX_IRQHandler</STRONG> (Thumb, 0 bytes, Stack size 0 bytes, startup_stm32f40_41xxx.o(.text))
<BR>[Address Reference Count : 1]<UL><LI> startup_stm32f40_41xxx.o(RESET)
</UL>
<P><STRONG><a name="[4a]"></a>CAN2_RX0_IRQHandler</STRONG> (Thumb, 0 bytes, Stack size 0 bytes, startup_stm32f40_41xxx.o(.text))
<BR>[Address Reference Count : 1]<UL><LI> startup_stm32f40_41xxx.o(RESET)
</UL>
<P><STRONG><a name="[4b]"></a>CAN2_RX1_IRQHandler</STRONG> (Thumb, 0 bytes, Stack size 0 bytes, startup_stm32f40_41xxx.o(.text))
<BR>[Address Reference Count : 1]<UL><LI> startup_stm32f40_41xxx.o(RESET)
</UL>
<P><STRONG><a name="[4c]"></a>CAN2_SCE_IRQHandler</STRONG> (Thumb, 0 bytes, Stack size 0 bytes, startup_stm32f40_41xxx.o(.text))
<BR>[Address Reference Count : 1]<UL><LI> startup_stm32f40_41xxx.o(RESET)
</UL>
<P><STRONG><a name="[49]"></a>CAN2_TX_IRQHandler</STRONG> (Thumb, 0 bytes, Stack size 0 bytes, startup_stm32f40_41xxx.o(.text))
<BR>[Address Reference Count : 1]<UL><LI> startup_stm32f40_41xxx.o(RESET)
</UL>
<P><STRONG><a name="[59]"></a>CRYP_IRQHandler</STRONG> (Thumb, 0 bytes, Stack size 0 bytes, startup_stm32f40_41xxx.o(.text))
<BR>[Address Reference Count : 1]<UL><LI> startup_stm32f40_41xxx.o(RESET)
</UL>
<P><STRONG><a name="[58]"></a>DCMI_IRQHandler</STRONG> (Thumb, 0 bytes, Stack size 0 bytes, startup_stm32f40_41xxx.o(.text))
<BR>[Address Reference Count : 1]<UL><LI> startup_stm32f40_41xxx.o(RESET)
</UL>
<P><STRONG><a name="[15]"></a>DMA1_Stream0_IRQHandler</STRONG> (Thumb, 0 bytes, Stack size 0 bytes, startup_stm32f40_41xxx.o(.text))
<BR>[Address Reference Count : 1]<UL><LI> startup_stm32f40_41xxx.o(RESET)
</UL>
<P><STRONG><a name="[16]"></a>DMA1_Stream1_IRQHandler</STRONG> (Thumb, 0 bytes, Stack size 0 bytes, startup_stm32f40_41xxx.o(.text))
<BR>[Address Reference Count : 1]<UL><LI> startup_stm32f40_41xxx.o(RESET)
</UL>
<P><STRONG><a name="[17]"></a>DMA1_Stream2_IRQHandler</STRONG> (Thumb, 0 bytes, Stack size 0 bytes, startup_stm32f40_41xxx.o(.text))
<BR>[Address Reference Count : 1]<UL><LI> startup_stm32f40_41xxx.o(RESET)
</UL>
<P><STRONG><a name="[18]"></a>DMA1_Stream3_IRQHandler</STRONG> (Thumb, 0 bytes, Stack size 0 bytes, startup_stm32f40_41xxx.o(.text))
<BR>[Address Reference Count : 1]<UL><LI> startup_stm32f40_41xxx.o(RESET)
</UL>
<P><STRONG><a name="[19]"></a>DMA1_Stream4_IRQHandler</STRONG> (Thumb, 0 bytes, Stack size 0 bytes, startup_stm32f40_41xxx.o(.text))
<BR>[Address Reference Count : 1]<UL><LI> startup_stm32f40_41xxx.o(RESET)
</UL>
<P><STRONG><a name="[1a]"></a>DMA1_Stream5_IRQHandler</STRONG> (Thumb, 0 bytes, Stack size 0 bytes, startup_stm32f40_41xxx.o(.text))
<BR>[Address Reference Count : 1]<UL><LI> startup_stm32f40_41xxx.o(RESET)
</UL>
<P><STRONG><a name="[1b]"></a>DMA1_Stream6_IRQHandler</STRONG> (Thumb, 0 bytes, Stack size 0 bytes, startup_stm32f40_41xxx.o(.text))
<BR>[Address Reference Count : 1]<UL><LI> startup_stm32f40_41xxx.o(RESET)
</UL>
<P><STRONG><a name="[39]"></a>DMA1_Stream7_IRQHandler</STRONG> (Thumb, 0 bytes, Stack size 0 bytes, startup_stm32f40_41xxx.o(.text))
<BR>[Address Reference Count : 1]<UL><LI> startup_stm32f40_41xxx.o(RESET)
</UL>
<P><STRONG><a name="[42]"></a>DMA2_Stream0_IRQHandler</STRONG> (Thumb, 0 bytes, Stack size 0 bytes, startup_stm32f40_41xxx.o(.text))
<BR>[Address Reference Count : 1]<UL><LI> startup_stm32f40_41xxx.o(RESET)
</UL>
<P><STRONG><a name="[43]"></a>DMA2_Stream1_IRQHandler</STRONG> (Thumb, 0 bytes, Stack size 0 bytes, startup_stm32f40_41xxx.o(.text))
<BR>[Address Reference Count : 1]<UL><LI> startup_stm32f40_41xxx.o(RESET)
</UL>
<P><STRONG><a name="[44]"></a>DMA2_Stream2_IRQHandler</STRONG> (Thumb, 0 bytes, Stack size 0 bytes, startup_stm32f40_41xxx.o(.text))
<BR>[Address Reference Count : 1]<UL><LI> startup_stm32f40_41xxx.o(RESET)
</UL>
<P><STRONG><a name="[46]"></a>DMA2_Stream4_IRQHandler</STRONG> (Thumb, 0 bytes, Stack size 0 bytes, startup_stm32f40_41xxx.o(.text))
<BR>[Address Reference Count : 1]<UL><LI> startup_stm32f40_41xxx.o(RESET)
</UL>
<P><STRONG><a name="[4e]"></a>DMA2_Stream5_IRQHandler</STRONG> (Thumb, 0 bytes, Stack size 0 bytes, startup_stm32f40_41xxx.o(.text))
<BR>[Address Reference Count : 1]<UL><LI> startup_stm32f40_41xxx.o(RESET)
</UL>
<P><STRONG><a name="[4f]"></a>DMA2_Stream6_IRQHandler</STRONG> (Thumb, 0 bytes, Stack size 0 bytes, startup_stm32f40_41xxx.o(.text))
<BR>[Address Reference Count : 1]<UL><LI> startup_stm32f40_41xxx.o(RESET)
</UL>
<P><STRONG><a name="[50]"></a>DMA2_Stream7_IRQHandler</STRONG> (Thumb, 0 bytes, Stack size 0 bytes, startup_stm32f40_41xxx.o(.text))
<BR>[Address Reference Count : 1]<UL><LI> startup_stm32f40_41xxx.o(RESET)
</UL>
<P><STRONG><a name="[47]"></a>ETH_IRQHandler</STRONG> (Thumb, 0 bytes, Stack size 0 bytes, startup_stm32f40_41xxx.o(.text))
<BR>[Address Reference Count : 1]<UL><LI> startup_stm32f40_41xxx.o(RESET)
</UL>
<P><STRONG><a name="[48]"></a>ETH_WKUP_IRQHandler</STRONG> (Thumb, 0 bytes, Stack size 0 bytes, startup_stm32f40_41xxx.o(.text))
<BR>[Address Reference Count : 1]<UL><LI> startup_stm32f40_41xxx.o(RESET)
</UL>
<P><STRONG><a name="[10]"></a>EXTI0_IRQHandler</STRONG> (Thumb, 0 bytes, Stack size 0 bytes, startup_stm32f40_41xxx.o(.text))
<BR>[Address Reference Count : 1]<UL><LI> startup_stm32f40_41xxx.o(RESET)
</UL>
<P><STRONG><a name="[32]"></a>EXTI15_10_IRQHandler</STRONG> (Thumb, 0 bytes, Stack size 0 bytes, startup_stm32f40_41xxx.o(.text))
<BR>[Address Reference Count : 1]<UL><LI> startup_stm32f40_41xxx.o(RESET)
</UL>
<P><STRONG><a name="[11]"></a>EXTI1_IRQHandler</STRONG> (Thumb, 0 bytes, Stack size 0 bytes, startup_stm32f40_41xxx.o(.text))
<BR>[Address Reference Count : 1]<UL><LI> startup_stm32f40_41xxx.o(RESET)
</UL>
<P><STRONG><a name="[12]"></a>EXTI2_IRQHandler</STRONG> (Thumb, 0 bytes, Stack size 0 bytes, startup_stm32f40_41xxx.o(.text))
<BR>[Address Reference Count : 1]<UL><LI> startup_stm32f40_41xxx.o(RESET)
</UL>
<P><STRONG><a name="[13]"></a>EXTI3_IRQHandler</STRONG> (Thumb, 0 bytes, Stack size 0 bytes, startup_stm32f40_41xxx.o(.text))
<BR>[Address Reference Count : 1]<UL><LI> startup_stm32f40_41xxx.o(RESET)
</UL>
<P><STRONG><a name="[14]"></a>EXTI4_IRQHandler</STRONG> (Thumb, 0 bytes, Stack size 0 bytes, startup_stm32f40_41xxx.o(.text))
<BR>[Address Reference Count : 1]<UL><LI> startup_stm32f40_41xxx.o(RESET)
</UL>
<P><STRONG><a name="[21]"></a>EXTI9_5_IRQHandler</STRONG> (Thumb, 0 bytes, Stack size 0 bytes, startup_stm32f40_41xxx.o(.text))
<BR>[Address Reference Count : 1]<UL><LI> startup_stm32f40_41xxx.o(RESET)
</UL>
<P><STRONG><a name="[e]"></a>FLASH_IRQHandler</STRONG> (Thumb, 0 bytes, Stack size 0 bytes, startup_stm32f40_41xxx.o(.text))
<BR>[Address Reference Count : 1]<UL><LI> startup_stm32f40_41xxx.o(RESET)
</UL>
<P><STRONG><a name="[5b]"></a>FPU_IRQHandler</STRONG> (Thumb, 0 bytes, Stack size 0 bytes, startup_stm32f40_41xxx.o(.text))
<BR>[Address Reference Count : 1]<UL><LI> startup_stm32f40_41xxx.o(RESET)
</UL>
<P><STRONG><a name="[3a]"></a>FSMC_IRQHandler</STRONG> (Thumb, 0 bytes, Stack size 0 bytes, startup_stm32f40_41xxx.o(.text))
<BR>[Address Reference Count : 1]<UL><LI> startup_stm32f40_41xxx.o(RESET)
</UL>
<P><STRONG><a name="[5a]"></a>HASH_RNG_IRQHandler</STRONG> (Thumb, 0 bytes, Stack size 0 bytes, startup_stm32f40_41xxx.o(.text))
<BR>[Address Reference Count : 1]<UL><LI> startup_stm32f40_41xxx.o(RESET)
</UL>
<P><STRONG><a name="[2a]"></a>I2C1_ER_IRQHandler</STRONG> (Thumb, 0 bytes, Stack size 0 bytes, startup_stm32f40_41xxx.o(.text))
<BR>[Address Reference Count : 1]<UL><LI> startup_stm32f40_41xxx.o(RESET)
</UL>
<P><STRONG><a name="[29]"></a>I2C1_EV_IRQHandler</STRONG> (Thumb, 0 bytes, Stack size 0 bytes, startup_stm32f40_41xxx.o(.text))
<BR>[Address Reference Count : 1]<UL><LI> startup_stm32f40_41xxx.o(RESET)
</UL>
<P><STRONG><a name="[2c]"></a>I2C2_ER_IRQHandler</STRONG> (Thumb, 0 bytes, Stack size 0 bytes, startup_stm32f40_41xxx.o(.text))
<BR>[Address Reference Count : 1]<UL><LI> startup_stm32f40_41xxx.o(RESET)
</UL>
<P><STRONG><a name="[2b]"></a>I2C2_EV_IRQHandler</STRONG> (Thumb, 0 bytes, Stack size 0 bytes, startup_stm32f40_41xxx.o(.text))
<BR>[Address Reference Count : 1]<UL><LI> startup_stm32f40_41xxx.o(RESET)
</UL>
<P><STRONG><a name="[53]"></a>I2C3_ER_IRQHandler</STRONG> (Thumb, 0 bytes, Stack size 0 bytes, startup_stm32f40_41xxx.o(.text))
<BR>[Address Reference Count : 1]<UL><LI> startup_stm32f40_41xxx.o(RESET)
</UL>
<P><STRONG><a name="[52]"></a>I2C3_EV_IRQHandler</STRONG> (Thumb, 0 bytes, Stack size 0 bytes, startup_stm32f40_41xxx.o(.text))
<BR>[Address Reference Count : 1]<UL><LI> startup_stm32f40_41xxx.o(RESET)
</UL>
<P><STRONG><a name="[4d]"></a>OTG_FS_IRQHandler</STRONG> (Thumb, 0 bytes, Stack size 0 bytes, startup_stm32f40_41xxx.o(.text))
<BR>[Address Reference Count : 1]<UL><LI> startup_stm32f40_41xxx.o(RESET)
</UL>
<P><STRONG><a name="[34]"></a>OTG_FS_WKUP_IRQHandler</STRONG> (Thumb, 0 bytes, Stack size 0 bytes, startup_stm32f40_41xxx.o(.text))
<BR>[Address Reference Count : 1]<UL><LI> startup_stm32f40_41xxx.o(RESET)
</UL>
<P><STRONG><a name="[55]"></a>OTG_HS_EP1_IN_IRQHandler</STRONG> (Thumb, 0 bytes, Stack size 0 bytes, startup_stm32f40_41xxx.o(.text))
<BR>[Address Reference Count : 1]<UL><LI> startup_stm32f40_41xxx.o(RESET)
</UL>
<P><STRONG><a name="[54]"></a>OTG_HS_EP1_OUT_IRQHandler</STRONG> (Thumb, 0 bytes, Stack size 0 bytes, startup_stm32f40_41xxx.o(.text))
<BR>[Address Reference Count : 1]<UL><LI> startup_stm32f40_41xxx.o(RESET)
</UL>
<P><STRONG><a name="[57]"></a>OTG_HS_IRQHandler</STRONG> (Thumb, 0 bytes, Stack size 0 bytes, startup_stm32f40_41xxx.o(.text))
<BR>[Address Reference Count : 1]<UL><LI> startup_stm32f40_41xxx.o(RESET)
</UL>
<P><STRONG><a name="[56]"></a>OTG_HS_WKUP_IRQHandler</STRONG> (Thumb, 0 bytes, Stack size 0 bytes, startup_stm32f40_41xxx.o(.text))
<BR>[Address Reference Count : 1]<UL><LI> startup_stm32f40_41xxx.o(RESET)
</UL>
<P><STRONG><a name="[b]"></a>PVD_IRQHandler</STRONG> (Thumb, 0 bytes, Stack size 0 bytes, startup_stm32f40_41xxx.o(.text))
<BR>[Address Reference Count : 1]<UL><LI> startup_stm32f40_41xxx.o(RESET)
</UL>
<P><STRONG><a name="[f]"></a>RCC_IRQHandler</STRONG> (Thumb, 0 bytes, Stack size 0 bytes, startup_stm32f40_41xxx.o(.text))
<BR>[Address Reference Count : 1]<UL><LI> startup_stm32f40_41xxx.o(RESET)
</UL>
<P><STRONG><a name="[33]"></a>RTC_Alarm_IRQHandler</STRONG> (Thumb, 0 bytes, Stack size 0 bytes, startup_stm32f40_41xxx.o(.text))
<BR>[Address Reference Count : 1]<UL><LI> startup_stm32f40_41xxx.o(RESET)
</UL>
<P><STRONG><a name="[d]"></a>RTC_WKUP_IRQHandler</STRONG> (Thumb, 0 bytes, Stack size 0 bytes, startup_stm32f40_41xxx.o(.text))
<BR>[Address Reference Count : 1]<UL><LI> startup_stm32f40_41xxx.o(RESET)
</UL>
<P><STRONG><a name="[2d]"></a>SPI1_IRQHandler</STRONG> (Thumb, 0 bytes, Stack size 0 bytes, startup_stm32f40_41xxx.o(.text))
<BR>[Address Reference Count : 1]<UL><LI> startup_stm32f40_41xxx.o(RESET)
</UL>
<P><STRONG><a name="[2e]"></a>SPI2_IRQHandler</STRONG> (Thumb, 0 bytes, Stack size 0 bytes, startup_stm32f40_41xxx.o(.text))
<BR>[Address Reference Count : 1]<UL><LI> startup_stm32f40_41xxx.o(RESET)
</UL>
<P><STRONG><a name="[3d]"></a>SPI3_IRQHandler</STRONG> (Thumb, 0 bytes, Stack size 0 bytes, startup_stm32f40_41xxx.o(.text))
<BR>[Address Reference Count : 1]<UL><LI> startup_stm32f40_41xxx.o(RESET)
</UL>
<P><STRONG><a name="[c]"></a>TAMP_STAMP_IRQHandler</STRONG> (Thumb, 0 bytes, Stack size 0 bytes, startup_stm32f40_41xxx.o(.text))
<BR>[Address Reference Count : 1]<UL><LI> startup_stm32f40_41xxx.o(RESET)
</UL>
<P><STRONG><a name="[22]"></a>TIM1_BRK_TIM9_IRQHandler</STRONG> (Thumb, 0 bytes, Stack size 0 bytes, startup_stm32f40_41xxx.o(.text))
<BR>[Address Reference Count : 1]<UL><LI> startup_stm32f40_41xxx.o(RESET)
</UL>
<P><STRONG><a name="[25]"></a>TIM1_CC_IRQHandler</STRONG> (Thumb, 0 bytes, Stack size 0 bytes, startup_stm32f40_41xxx.o(.text))
<BR>[Address Reference Count : 1]<UL><LI> startup_stm32f40_41xxx.o(RESET)
</UL>
<P><STRONG><a name="[24]"></a>TIM1_TRG_COM_TIM11_IRQHandler</STRONG> (Thumb, 0 bytes, Stack size 0 bytes, startup_stm32f40_41xxx.o(.text))
<BR>[Address Reference Count : 1]<UL><LI> startup_stm32f40_41xxx.o(RESET)
</UL>
<P><STRONG><a name="[23]"></a>TIM1_UP_TIM10_IRQHandler</STRONG> (Thumb, 0 bytes, Stack size 0 bytes, startup_stm32f40_41xxx.o(.text))
<BR>[Address Reference Count : 1]<UL><LI> startup_stm32f40_41xxx.o(RESET)
</UL>
<P><STRONG><a name="[26]"></a>TIM2_IRQHandler</STRONG> (Thumb, 0 bytes, Stack size 0 bytes, startup_stm32f40_41xxx.o(.text))
<BR>[Address Reference Count : 1]<UL><LI> startup_stm32f40_41xxx.o(RESET)
</UL>
<P><STRONG><a name="[27]"></a>TIM3_IRQHandler</STRONG> (Thumb, 0 bytes, Stack size 0 bytes, startup_stm32f40_41xxx.o(.text))
<BR>[Address Reference Count : 1]<UL><LI> startup_stm32f40_41xxx.o(RESET)
</UL>
<P><STRONG><a name="[28]"></a>TIM4_IRQHandler</STRONG> (Thumb, 0 bytes, Stack size 0 bytes, startup_stm32f40_41xxx.o(.text))
<BR>[Address Reference Count : 1]<UL><LI> startup_stm32f40_41xxx.o(RESET)
</UL>
<P><STRONG><a name="[3c]"></a>TIM5_IRQHandler</STRONG> (Thumb, 0 bytes, Stack size 0 bytes, startup_stm32f40_41xxx.o(.text))
<BR>[Address Reference Count : 1]<UL><LI> startup_stm32f40_41xxx.o(RESET)
</UL>
<P><STRONG><a name="[40]"></a>TIM6_DAC_IRQHandler</STRONG> (Thumb, 0 bytes, Stack size 0 bytes, startup_stm32f40_41xxx.o(.text))
<BR>[Address Reference Count : 1]<UL><LI> startup_stm32f40_41xxx.o(RESET)
</UL>
<P><STRONG><a name="[41]"></a>TIM7_IRQHandler</STRONG> (Thumb, 0 bytes, Stack size 0 bytes, startup_stm32f40_41xxx.o(.text))
<BR>[Address Reference Count : 1]<UL><LI> startup_stm32f40_41xxx.o(RESET)
</UL>
<P><STRONG><a name="[35]"></a>TIM8_BRK_TIM12_IRQHandler</STRONG> (Thumb, 0 bytes, Stack size 0 bytes, startup_stm32f40_41xxx.o(.text))
<BR>[Address Reference Count : 1]<UL><LI> startup_stm32f40_41xxx.o(RESET)
</UL>
<P><STRONG><a name="[38]"></a>TIM8_CC_IRQHandler</STRONG> (Thumb, 0 bytes, Stack size 0 bytes, startup_stm32f40_41xxx.o(.text))
<BR>[Address Reference Count : 1]<UL><LI> startup_stm32f40_41xxx.o(RESET)
</UL>
<P><STRONG><a name="[37]"></a>TIM8_TRG_COM_TIM14_IRQHandler</STRONG> (Thumb, 0 bytes, Stack size 0 bytes, startup_stm32f40_41xxx.o(.text))
<BR>[Address Reference Count : 1]<UL><LI> startup_stm32f40_41xxx.o(RESET)
</UL>
<P><STRONG><a name="[36]"></a>TIM8_UP_TIM13_IRQHandler</STRONG> (Thumb, 0 bytes, Stack size 0 bytes, startup_stm32f40_41xxx.o(.text))
<BR>[Address Reference Count : 1]<UL><LI> startup_stm32f40_41xxx.o(RESET)
</UL>
<P><STRONG><a name="[3e]"></a>UART4_IRQHandler</STRONG> (Thumb, 0 bytes, Stack size 0 bytes, startup_stm32f40_41xxx.o(.text))
<BR>[Address Reference Count : 1]<UL><LI> startup_stm32f40_41xxx.o(RESET)
</UL>
<P><STRONG><a name="[3f]"></a>UART5_IRQHandler</STRONG> (Thumb, 0 bytes, Stack size 0 bytes, startup_stm32f40_41xxx.o(.text))
<BR>[Address Reference Count : 1]<UL><LI> startup_stm32f40_41xxx.o(RESET)
</UL>
<P><STRONG><a name="[2f]"></a>USART1_IRQHandler</STRONG> (Thumb, 0 bytes, Stack size 0 bytes, startup_stm32f40_41xxx.o(.text))
<BR>[Address Reference Count : 1]<UL><LI> startup_stm32f40_41xxx.o(RESET)
</UL>
<P><STRONG><a name="[30]"></a>USART2_IRQHandler</STRONG> (Thumb, 0 bytes, Stack size 0 bytes, startup_stm32f40_41xxx.o(.text))
<BR>[Address Reference Count : 1]<UL><LI> startup_stm32f40_41xxx.o(RESET)
</UL>
<P><STRONG><a name="[31]"></a>USART3_IRQHandler</STRONG> (Thumb, 0 bytes, Stack size 0 bytes, startup_stm32f40_41xxx.o(.text))
<BR>[Address Reference Count : 1]<UL><LI> startup_stm32f40_41xxx.o(RESET)
</UL>
<P><STRONG><a name="[51]"></a>USART6_IRQHandler</STRONG> (Thumb, 0 bytes, Stack size 0 bytes, startup_stm32f40_41xxx.o(.text))
<BR>[Address Reference Count : 1]<UL><LI> startup_stm32f40_41xxx.o(RESET)
</UL>
<P><STRONG><a name="[a]"></a>WWDG_IRQHandler</STRONG> (Thumb, 0 bytes, Stack size 0 bytes, startup_stm32f40_41xxx.o(.text))
<BR>[Address Reference Count : 1]<UL><LI> startup_stm32f40_41xxx.o(RESET)
</UL>
<P><STRONG><a name="[61]"></a>__aeabi_uldivmod</STRONG> (Thumb, 98 bytes, Stack size 40 bytes, uldiv.o(.text))
<BR><BR>[Stack]<UL><LI>Max Depth = 40<LI>Call Chain = __aeabi_uldivmod
</UL>
<BR>[Calls]<UL><LI><a href="#[62]">&gt;&gt;</a>&nbsp;&nbsp;&nbsp;__aeabi_llsr
<LI><a href="#[63]">&gt;&gt;</a>&nbsp;&nbsp;&nbsp;__aeabi_llsl
</UL>
<BR>[Called By]<UL><LI><a href="#[b9]">&gt;&gt;</a>&nbsp;&nbsp;&nbsp;SD_WriteMultiBlocks
<LI><a href="#[b4]">&gt;&gt;</a>&nbsp;&nbsp;&nbsp;SD_ReadMultiBlocks
</UL>

<P><STRONG><a name="[63]"></a>__aeabi_llsl</STRONG> (Thumb, 30 bytes, Stack size 0 bytes, llshl.o(.text))
<BR><BR>[Called By]<UL><LI><a href="#[61]">&gt;&gt;</a>&nbsp;&nbsp;&nbsp;__aeabi_uldivmod
</UL>

<P><STRONG><a name="[ef]"></a>_ll_shift_l</STRONG> (Thumb, 0 bytes, Stack size 0 bytes, llshl.o(.text), UNUSED)

<P><STRONG><a name="[62]"></a>__aeabi_llsr</STRONG> (Thumb, 32 bytes, Stack size 0 bytes, llushr.o(.text))
<BR><BR>[Called By]<UL><LI><a href="#[61]">&gt;&gt;</a>&nbsp;&nbsp;&nbsp;__aeabi_uldivmod
</UL>

<P><STRONG><a name="[f0]"></a>_ll_ushift_r</STRONG> (Thumb, 0 bytes, Stack size 0 bytes, llushr.o(.text), UNUSED)

<P><STRONG><a name="[60]"></a>__scatterload</STRONG> (Thumb, 28 bytes, Stack size 0 bytes, init.o(.text))
<BR><BR>[Calls]<UL><LI><a href="#[64]">&gt;&gt;</a>&nbsp;&nbsp;&nbsp;__main_after_scatterload
</UL>
<BR>[Called By]<UL><LI><a href="#[5f]">&gt;&gt;</a>&nbsp;&nbsp;&nbsp;_main_scatterload
</UL>

<P><STRONG><a name="[f1]"></a>__scatterload_rt2</STRONG> (Thumb, 0 bytes, Stack size 0 bytes, init.o(.text), UNUSED)

<P><STRONG><a name="[4]"></a>BusFault_Handler</STRONG> (Thumb, 4 bytes, Stack size 0 bytes, stm32f4xx_it.o(i.BusFault_Handler))
<BR>[Address Reference Count : 1]<UL><LI> startup_stm32f40_41xxx.o(RESET)
</UL>
<P><STRONG><a name="[1e]"></a>CAN1_RX0_IRQHandler</STRONG> (Thumb, 40 bytes, Stack size 8 bytes, cana.o(i.CAN1_RX0_IRQHandler))
<BR><BR>[Stack]<UL><LI>Max Depth = 24<LI>Call Chain = CAN1_RX0_IRQHandler &rArr; CAN_GetITStatus
</UL>
<BR>[Calls]<UL><LI><a href="#[66]">&gt;&gt;</a>&nbsp;&nbsp;&nbsp;CAN_Receive
<LI><a href="#[65]">&gt;&gt;</a>&nbsp;&nbsp;&nbsp;CAN_GetITStatus
<LI><a href="#[67]">&gt;&gt;</a>&nbsp;&nbsp;&nbsp;CAN_ClearITPendingBit
</UL>
<BR>[Address Reference Count : 1]<UL><LI> startup_stm32f40_41xxx.o(RESET)
</UL>
<P><STRONG><a name="[68]"></a>CANA_Config</STRONG> (Thumb, 128 bytes, Stack size 16 bytes, cana.o(i.CANA_Config))
<BR><BR>[Stack]<UL><LI>Max Depth = 56<LI>Call Chain = CANA_Config &rArr; CAN_ConfigFilter &rArr; CAN_FilterInit
</UL>
<BR>[Calls]<UL><LI><a href="#[69]">&gt;&gt;</a>&nbsp;&nbsp;&nbsp;RCC_APB1PeriphClockCmd
<LI><a href="#[6d]">&gt;&gt;</a>&nbsp;&nbsp;&nbsp;CAN_StructInit
<LI><a href="#[6e]">&gt;&gt;</a>&nbsp;&nbsp;&nbsp;CAN_Init
<LI><a href="#[70]">&gt;&gt;</a>&nbsp;&nbsp;&nbsp;CAN_ITConfig
<LI><a href="#[6c]">&gt;&gt;</a>&nbsp;&nbsp;&nbsp;CAN_DeInit
<LI><a href="#[6f]">&gt;&gt;</a>&nbsp;&nbsp;&nbsp;CAN_ConfigFilter
<LI><a href="#[6a]">&gt;&gt;</a>&nbsp;&nbsp;&nbsp;CANA_IT_Config
<LI><a href="#[6b]">&gt;&gt;</a>&nbsp;&nbsp;&nbsp;CANA_GPIO_Config
</UL>
<BR>[Called By]<UL><LI><a href="#[5c]">&gt;&gt;</a>&nbsp;&nbsp;&nbsp;main
</UL>

<P><STRONG><a name="[6b]"></a>CANA_GPIO_Config</STRONG> (Thumb, 84 bytes, Stack size 16 bytes, cana.o(i.CANA_GPIO_Config))
<BR><BR>[Stack]<UL><LI>Max Depth = 36<LI>Call Chain = CANA_GPIO_Config &rArr; GPIO_PinAFConfig
</UL>
<BR>[Calls]<UL><LI><a href="#[71]">&gt;&gt;</a>&nbsp;&nbsp;&nbsp;RCC_AHB1PeriphClockCmd
<LI><a href="#[72]">&gt;&gt;</a>&nbsp;&nbsp;&nbsp;GPIO_PinAFConfig
<LI><a href="#[73]">&gt;&gt;</a>&nbsp;&nbsp;&nbsp;GPIO_Init
</UL>
<BR>[Called By]<UL><LI><a href="#[68]">&gt;&gt;</a>&nbsp;&nbsp;&nbsp;CANA_Config
</UL>

<P><STRONG><a name="[6a]"></a>CANA_IT_Config</STRONG> (Thumb, 32 bytes, Stack size 8 bytes, cana.o(i.CANA_IT_Config))
<BR><BR>[Stack]<UL><LI>Max Depth = 24<LI>Call Chain = CANA_IT_Config &rArr; NVIC_Init
</UL>
<BR>[Calls]<UL><LI><a href="#[74]">&gt;&gt;</a>&nbsp;&nbsp;&nbsp;NVIC_Init
</UL>
<BR>[Called By]<UL><LI><a href="#[68]">&gt;&gt;</a>&nbsp;&nbsp;&nbsp;CANA_Config
</UL>

<P><STRONG><a name="[67]"></a>CAN_ClearITPendingBit</STRONG> (Thumb, 162 bytes, Stack size 0 bytes, stm32f4xx_can.o(i.CAN_ClearITPendingBit))
<BR><BR>[Called By]<UL><LI><a href="#[1e]">&gt;&gt;</a>&nbsp;&nbsp;&nbsp;CAN1_RX0_IRQHandler
</UL>

<P><STRONG><a name="[6f]"></a>CAN_ConfigFilter</STRONG> (Thumb, 80 bytes, Stack size 32 bytes, cana.o(i.CAN_ConfigFilter))
<BR><BR>[Stack]<UL><LI>Max Depth = 40<LI>Call Chain = CAN_ConfigFilter &rArr; CAN_FilterInit
</UL>
<BR>[Calls]<UL><LI><a href="#[75]">&gt;&gt;</a>&nbsp;&nbsp;&nbsp;CAN_FilterInit
</UL>
<BR>[Called By]<UL><LI><a href="#[68]">&gt;&gt;</a>&nbsp;&nbsp;&nbsp;CANA_Config
</UL>

<P><STRONG><a name="[6c]"></a>CAN_DeInit</STRONG> (Thumb, 50 bytes, Stack size 8 bytes, stm32f4xx_can.o(i.CAN_DeInit))
<BR><BR>[Stack]<UL><LI>Max Depth = 8<LI>Call Chain = CAN_DeInit
</UL>
<BR>[Calls]<UL><LI><a href="#[76]">&gt;&gt;</a>&nbsp;&nbsp;&nbsp;RCC_APB1PeriphResetCmd
</UL>
<BR>[Called By]<UL><LI><a href="#[68]">&gt;&gt;</a>&nbsp;&nbsp;&nbsp;CANA_Config
</UL>

<P><STRONG><a name="[75]"></a>CAN_FilterInit</STRONG> (Thumb, 258 bytes, Stack size 8 bytes, stm32f4xx_can.o(i.CAN_FilterInit))
<BR><BR>[Stack]<UL><LI>Max Depth = 8<LI>Call Chain = CAN_FilterInit
</UL>
<BR>[Called By]<UL><LI><a href="#[6f]">&gt;&gt;</a>&nbsp;&nbsp;&nbsp;CAN_ConfigFilter
</UL>

<P><STRONG><a name="[65]"></a>CAN_GetITStatus</STRONG> (Thumb, 284 bytes, Stack size 16 bytes, stm32f4xx_can.o(i.CAN_GetITStatus))
<BR><BR>[Stack]<UL><LI>Max Depth = 16<LI>Call Chain = CAN_GetITStatus
</UL>
<BR>[Calls]<UL><LI><a href="#[77]">&gt;&gt;</a>&nbsp;&nbsp;&nbsp;CheckITStatus
</UL>
<BR>[Called By]<UL><LI><a href="#[1e]">&gt;&gt;</a>&nbsp;&nbsp;&nbsp;CAN1_RX0_IRQHandler
</UL>

<P><STRONG><a name="[78]"></a>CAN_IAP_Hex</STRONG> (Thumb, 1594 bytes, Stack size 48 bytes, iap.o(i.CAN_IAP_Hex))
<BR><BR>[Stack]<UL><LI>Max Depth = 512<LI>Call Chain = CAN_IAP_Hex &rArr; f_open &rArr; dir_register &rArr; dir_find &rArr; dir_next &rArr; create_chain &rArr; put_fat &rArr; move_window &rArr; sync_window &rArr; disk_write &rArr; SD_WriteMultiBlocks &rArr; SD_LowLevel_DMA_TxConfig &rArr; DMA_Init
</UL>
<BR>[Calls]<UL><LI><a href="#[7e]">&gt;&gt;</a>&nbsp;&nbsp;&nbsp;f_read
<LI><a href="#[7c]">&gt;&gt;</a>&nbsp;&nbsp;&nbsp;f_open
<LI><a href="#[7b]">&gt;&gt;</a>&nbsp;&nbsp;&nbsp;f_mount
<LI><a href="#[7d]">&gt;&gt;</a>&nbsp;&nbsp;&nbsp;f_lseek
<LI><a href="#[82]">&gt;&gt;</a>&nbsp;&nbsp;&nbsp;f_close
<LI><a href="#[7f]">&gt;&gt;</a>&nbsp;&nbsp;&nbsp;hex_to_bin
<LI><a href="#[81]">&gt;&gt;</a>&nbsp;&nbsp;&nbsp;Data_clear
<LI><a href="#[80]">&gt;&gt;</a>&nbsp;&nbsp;&nbsp;CAN_Send_file_data
<LI><a href="#[7a]">&gt;&gt;</a>&nbsp;&nbsp;&nbsp;delay_ms
<LI><a href="#[79]">&gt;&gt;</a>&nbsp;&nbsp;&nbsp;CAN_WriteData
</UL>
<BR>[Called By]<UL><LI><a href="#[5c]">&gt;&gt;</a>&nbsp;&nbsp;&nbsp;main
</UL>

<P><STRONG><a name="[70]"></a>CAN_ITConfig</STRONG> (Thumb, 18 bytes, Stack size 0 bytes, stm32f4xx_can.o(i.CAN_ITConfig))
<BR><BR>[Called By]<UL><LI><a href="#[68]">&gt;&gt;</a>&nbsp;&nbsp;&nbsp;CANA_Config
</UL>

<P><STRONG><a name="[6e]"></a>CAN_Init</STRONG> (Thumb, 276 bytes, Stack size 12 bytes, stm32f4xx_can.o(i.CAN_Init))
<BR><BR>[Stack]<UL><LI>Max Depth = 12<LI>Call Chain = CAN_Init
</UL>
<BR>[Called By]<UL><LI><a href="#[68]">&gt;&gt;</a>&nbsp;&nbsp;&nbsp;CANA_Config
</UL>

<P><STRONG><a name="[66]"></a>CAN_Receive</STRONG> (Thumb, 240 bytes, Stack size 8 bytes, stm32f4xx_can.o(i.CAN_Receive))
<BR><BR>[Stack]<UL><LI>Max Depth = 8<LI>Call Chain = CAN_Receive
</UL>
<BR>[Called By]<UL><LI><a href="#[1e]">&gt;&gt;</a>&nbsp;&nbsp;&nbsp;CAN1_RX0_IRQHandler
</UL>

<P><STRONG><a name="[6d]"></a>CAN_StructInit</STRONG> (Thumb, 32 bytes, Stack size 0 bytes, stm32f4xx_can.o(i.CAN_StructInit))
<BR><BR>[Called By]<UL><LI><a href="#[68]">&gt;&gt;</a>&nbsp;&nbsp;&nbsp;CANA_Config
</UL>

<P><STRONG><a name="[84]"></a>CAN_Transmit</STRONG> (Thumb, 294 bytes, Stack size 8 bytes, stm32f4xx_can.o(i.CAN_Transmit))
<BR><BR>[Stack]<UL><LI>Max Depth = 8<LI>Call Chain = CAN_Transmit
</UL>
<BR>[Called By]<UL><LI><a href="#[79]">&gt;&gt;</a>&nbsp;&nbsp;&nbsp;CAN_WriteData
</UL>

<P><STRONG><a name="[85]"></a>CAN_TransmitStatus</STRONG> (Thumb, 138 bytes, Stack size 8 bytes, stm32f4xx_can.o(i.CAN_TransmitStatus))
<BR><BR>[Stack]<UL><LI>Max Depth = 8<LI>Call Chain = CAN_TransmitStatus
</UL>
<BR>[Called By]<UL><LI><a href="#[79]">&gt;&gt;</a>&nbsp;&nbsp;&nbsp;CAN_WriteData
</UL>

<P><STRONG><a name="[79]"></a>CAN_WriteData</STRONG> (Thumb, 46 bytes, Stack size 16 bytes, cana.o(i.CAN_WriteData))
<BR><BR>[Stack]<UL><LI>Max Depth = 24<LI>Call Chain = CAN_WriteData &rArr; CAN_TransmitStatus
</UL>
<BR>[Calls]<UL><LI><a href="#[85]">&gt;&gt;</a>&nbsp;&nbsp;&nbsp;CAN_TransmitStatus
<LI><a href="#[84]">&gt;&gt;</a>&nbsp;&nbsp;&nbsp;CAN_Transmit
</UL>
<BR>[Called By]<UL><LI><a href="#[80]">&gt;&gt;</a>&nbsp;&nbsp;&nbsp;CAN_Send_file_data
<LI><a href="#[78]">&gt;&gt;</a>&nbsp;&nbsp;&nbsp;CAN_IAP_Hex
<LI><a href="#[5c]">&gt;&gt;</a>&nbsp;&nbsp;&nbsp;main
</UL>

<P><STRONG><a name="[45]"></a>DMA2_Stream3_IRQHandler</STRONG> (Thumb, 8 bytes, Stack size 8 bytes, sdio_sd.o(i.DMA2_Stream3_IRQHandler))
<BR><BR>[Stack]<UL><LI>Max Depth = 16<LI>Call Chain = DMA2_Stream3_IRQHandler &rArr; SD_ProcessDMAIRQ
</UL>
<BR>[Calls]<UL><LI><a href="#[90]">&gt;&gt;</a>&nbsp;&nbsp;&nbsp;SD_ProcessDMAIRQ
</UL>
<BR>[Address Reference Count : 1]<UL><LI> startup_stm32f40_41xxx.o(RESET)
</UL>
<P><STRONG><a name="[a7]"></a>DMA_ClearFlag</STRONG> (Thumb, 38 bytes, Stack size 0 bytes, stm32f4xx_dma.o(i.DMA_ClearFlag))
<BR><BR>[Called By]<UL><LI><a href="#[90]">&gt;&gt;</a>&nbsp;&nbsp;&nbsp;SD_ProcessDMAIRQ
<LI><a href="#[ad]">&gt;&gt;</a>&nbsp;&nbsp;&nbsp;SD_LowLevel_DMA_TxConfig
<LI><a href="#[a6]">&gt;&gt;</a>&nbsp;&nbsp;&nbsp;SD_LowLevel_DMA_RxConfig
</UL>

<P><STRONG><a name="[a8]"></a>DMA_Cmd</STRONG> (Thumb, 22 bytes, Stack size 0 bytes, stm32f4xx_dma.o(i.DMA_Cmd))
<BR><BR>[Called By]<UL><LI><a href="#[ad]">&gt;&gt;</a>&nbsp;&nbsp;&nbsp;SD_LowLevel_DMA_TxConfig
<LI><a href="#[a6]">&gt;&gt;</a>&nbsp;&nbsp;&nbsp;SD_LowLevel_DMA_RxConfig
</UL>

<P><STRONG><a name="[a9]"></a>DMA_DeInit</STRONG> (Thumb, 324 bytes, Stack size 0 bytes, stm32f4xx_dma.o(i.DMA_DeInit))
<BR><BR>[Called By]<UL><LI><a href="#[ad]">&gt;&gt;</a>&nbsp;&nbsp;&nbsp;SD_LowLevel_DMA_TxConfig
<LI><a href="#[a6]">&gt;&gt;</a>&nbsp;&nbsp;&nbsp;SD_LowLevel_DMA_RxConfig
</UL>

<P><STRONG><a name="[ac]"></a>DMA_FlowControllerConfig</STRONG> (Thumb, 22 bytes, Stack size 0 bytes, stm32f4xx_dma.o(i.DMA_FlowControllerConfig))
<BR><BR>[Called By]<UL><LI><a href="#[ad]">&gt;&gt;</a>&nbsp;&nbsp;&nbsp;SD_LowLevel_DMA_TxConfig
<LI><a href="#[a6]">&gt;&gt;</a>&nbsp;&nbsp;&nbsp;SD_LowLevel_DMA_RxConfig
</UL>

<P><STRONG><a name="[ab]"></a>DMA_ITConfig</STRONG> (Thumb, 58 bytes, Stack size 8 bytes, stm32f4xx_dma.o(i.DMA_ITConfig))
<BR><BR>[Stack]<UL><LI>Max Depth = 8<LI>Call Chain = DMA_ITConfig
</UL>
<BR>[Called By]<UL><LI><a href="#[ad]">&gt;&gt;</a>&nbsp;&nbsp;&nbsp;SD_LowLevel_DMA_TxConfig
<LI><a href="#[a6]">&gt;&gt;</a>&nbsp;&nbsp;&nbsp;SD_LowLevel_DMA_RxConfig
</UL>

<P><STRONG><a name="[aa]"></a>DMA_Init</STRONG> (Thumb, 82 bytes, Stack size 8 bytes, stm32f4xx_dma.o(i.DMA_Init))
<BR><BR>[Stack]<UL><LI>Max Depth = 8<LI>Call Chain = DMA_Init
</UL>
<BR>[Called By]<UL><LI><a href="#[ad]">&gt;&gt;</a>&nbsp;&nbsp;&nbsp;SD_LowLevel_DMA_TxConfig
<LI><a href="#[a6]">&gt;&gt;</a>&nbsp;&nbsp;&nbsp;SD_LowLevel_DMA_RxConfig
</UL>

<P><STRONG><a name="[7]"></a>DebugMon_Handler</STRONG> (Thumb, 2 bytes, Stack size 0 bytes, stm32f4xx_it.o(i.DebugMon_Handler))
<BR>[Address Reference Count : 1]<UL><LI> startup_stm32f40_41xxx.o(RESET)
</UL>
<P><STRONG><a name="[73]"></a>GPIO_Init</STRONG> (Thumb, 144 bytes, Stack size 20 bytes, stm32f4xx_gpio.o(i.GPIO_Init))
<BR><BR>[Stack]<UL><LI>Max Depth = 20<LI>Call Chain = GPIO_Init
</UL>
<BR>[Called By]<UL><LI><a href="#[6b]">&gt;&gt;</a>&nbsp;&nbsp;&nbsp;CANA_GPIO_Config
<LI><a href="#[a0]">&gt;&gt;</a>&nbsp;&nbsp;&nbsp;SD_LowLevel_Init
</UL>

<P><STRONG><a name="[72]"></a>GPIO_PinAFConfig</STRONG> (Thumb, 70 bytes, Stack size 20 bytes, stm32f4xx_gpio.o(i.GPIO_PinAFConfig))
<BR><BR>[Stack]<UL><LI>Max Depth = 20<LI>Call Chain = GPIO_PinAFConfig
</UL>
<BR>[Called By]<UL><LI><a href="#[6b]">&gt;&gt;</a>&nbsp;&nbsp;&nbsp;CANA_GPIO_Config
<LI><a href="#[a0]">&gt;&gt;</a>&nbsp;&nbsp;&nbsp;SD_LowLevel_Init
</UL>

<P><STRONG><a name="[2]"></a>HardFault_Handler</STRONG> (Thumb, 4 bytes, Stack size 0 bytes, stm32f4xx_it.o(i.HardFault_Handler))
<BR>[Address Reference Count : 1]<UL><LI> startup_stm32f40_41xxx.o(RESET)
</UL>
<P><STRONG><a name="[3]"></a>MemManage_Handler</STRONG> (Thumb, 4 bytes, Stack size 0 bytes, stm32f4xx_it.o(i.MemManage_Handler))
<BR>[Address Reference Count : 1]<UL><LI> startup_stm32f40_41xxx.o(RESET)
</UL>
<P><STRONG><a name="[1]"></a>NMI_Handler</STRONG> (Thumb, 2 bytes, Stack size 0 bytes, stm32f4xx_it.o(i.NMI_Handler))
<BR>[Address Reference Count : 1]<UL><LI> startup_stm32f40_41xxx.o(RESET)
</UL>
<P><STRONG><a name="[74]"></a>NVIC_Init</STRONG> (Thumb, 106 bytes, Stack size 16 bytes, misc.o(i.NVIC_Init))
<BR><BR>[Stack]<UL><LI>Max Depth = 16<LI>Call Chain = NVIC_Init
</UL>
<BR>[Called By]<UL><LI><a href="#[6a]">&gt;&gt;</a>&nbsp;&nbsp;&nbsp;CANA_IT_Config
<LI><a href="#[a0]">&gt;&gt;</a>&nbsp;&nbsp;&nbsp;SD_LowLevel_Init
</UL>

<P><STRONG><a name="[e6]"></a>NVIC_PriorityGroupConfig</STRONG> (Thumb, 10 bytes, Stack size 0 bytes, misc.o(i.NVIC_PriorityGroupConfig))
<BR><BR>[Called By]<UL><LI><a href="#[5c]">&gt;&gt;</a>&nbsp;&nbsp;&nbsp;main
</UL>

<P><STRONG><a name="[8]"></a>PendSV_Handler</STRONG> (Thumb, 2 bytes, Stack size 0 bytes, stm32f4xx_it.o(i.PendSV_Handler))
<BR>[Address Reference Count : 1]<UL><LI> startup_stm32f40_41xxx.o(RESET)
</UL>
<P><STRONG><a name="[71]"></a>RCC_AHB1PeriphClockCmd</STRONG> (Thumb, 26 bytes, Stack size 0 bytes, stm32f4xx_rcc.o(i.RCC_AHB1PeriphClockCmd))
<BR><BR>[Called By]<UL><LI><a href="#[6b]">&gt;&gt;</a>&nbsp;&nbsp;&nbsp;CANA_GPIO_Config
<LI><a href="#[a0]">&gt;&gt;</a>&nbsp;&nbsp;&nbsp;SD_LowLevel_Init
</UL>

<P><STRONG><a name="[69]"></a>RCC_APB1PeriphClockCmd</STRONG> (Thumb, 26 bytes, Stack size 0 bytes, stm32f4xx_rcc.o(i.RCC_APB1PeriphClockCmd))
<BR><BR>[Called By]<UL><LI><a href="#[68]">&gt;&gt;</a>&nbsp;&nbsp;&nbsp;CANA_Config
</UL>

<P><STRONG><a name="[76]"></a>RCC_APB1PeriphResetCmd</STRONG> (Thumb, 26 bytes, Stack size 0 bytes, stm32f4xx_rcc.o(i.RCC_APB1PeriphResetCmd))
<BR><BR>[Called By]<UL><LI><a href="#[6c]">&gt;&gt;</a>&nbsp;&nbsp;&nbsp;CAN_DeInit
</UL>

<P><STRONG><a name="[ae]"></a>RCC_APB2PeriphClockCmd</STRONG> (Thumb, 26 bytes, Stack size 0 bytes, stm32f4xx_rcc.o(i.RCC_APB2PeriphClockCmd))
<BR><BR>[Called By]<UL><LI><a href="#[a0]">&gt;&gt;</a>&nbsp;&nbsp;&nbsp;SD_LowLevel_Init
</UL>

<P><STRONG><a name="[97]"></a>RCC_APB2PeriphResetCmd</STRONG> (Thumb, 26 bytes, Stack size 0 bytes, stm32f4xx_rcc.o(i.RCC_APB2PeriphResetCmd))
<BR><BR>[Called By]<UL><LI><a href="#[96]">&gt;&gt;</a>&nbsp;&nbsp;&nbsp;SDIO_DeInit
</UL>

<P><STRONG><a name="[88]"></a>SDIO_ClearFlag</STRONG> (Thumb, 6 bytes, Stack size 0 bytes, stm32f4xx_sdio.o(i.SDIO_ClearFlag))
<BR><BR>[Called By]<UL><LI><a href="#[b8]">&gt;&gt;</a>&nbsp;&nbsp;&nbsp;SD_WaitWriteOperation
<LI><a href="#[b7]">&gt;&gt;</a>&nbsp;&nbsp;&nbsp;SD_WaitReadOperation
<LI><a href="#[91]">&gt;&gt;</a>&nbsp;&nbsp;&nbsp;FindSCR
<LI><a href="#[8f]">&gt;&gt;</a>&nbsp;&nbsp;&nbsp;CmdResp7Error
<LI><a href="#[8e]">&gt;&gt;</a>&nbsp;&nbsp;&nbsp;CmdResp6Error
<LI><a href="#[8d]">&gt;&gt;</a>&nbsp;&nbsp;&nbsp;CmdResp3Error
<LI><a href="#[8c]">&gt;&gt;</a>&nbsp;&nbsp;&nbsp;CmdResp2Error
<LI><a href="#[89]">&gt;&gt;</a>&nbsp;&nbsp;&nbsp;CmdResp1Error
<LI><a href="#[86]">&gt;&gt;</a>&nbsp;&nbsp;&nbsp;CmdError
</UL>

<P><STRONG><a name="[b2]"></a>SDIO_ClearITPendingBit</STRONG> (Thumb, 6 bytes, Stack size 0 bytes, stm32f4xx_sdio.o(i.SDIO_ClearITPendingBit))
<BR><BR>[Called By]<UL><LI><a href="#[98]">&gt;&gt;</a>&nbsp;&nbsp;&nbsp;SD_ProcessIRQSrc
</UL>

<P><STRONG><a name="[b0]"></a>SDIO_ClockCmd</STRONG> (Thumb, 6 bytes, Stack size 0 bytes, stm32f4xx_sdio.o(i.SDIO_ClockCmd))
<BR><BR>[Called By]<UL><LI><a href="#[a1]">&gt;&gt;</a>&nbsp;&nbsp;&nbsp;SD_PowerON
</UL>

<P><STRONG><a name="[b5]"></a>SDIO_DMACmd</STRONG> (Thumb, 6 bytes, Stack size 0 bytes, stm32f4xx_sdio.o(i.SDIO_DMACmd))
<BR><BR>[Called By]<UL><LI><a href="#[b9]">&gt;&gt;</a>&nbsp;&nbsp;&nbsp;SD_WriteMultiBlocks
<LI><a href="#[b4]">&gt;&gt;</a>&nbsp;&nbsp;&nbsp;SD_ReadMultiBlocks
</UL>

<P><STRONG><a name="[93]"></a>SDIO_DataConfig</STRONG> (Thumb, 46 bytes, Stack size 0 bytes, stm32f4xx_sdio.o(i.SDIO_DataConfig))
<BR><BR>[Called By]<UL><LI><a href="#[b9]">&gt;&gt;</a>&nbsp;&nbsp;&nbsp;SD_WriteMultiBlocks
<LI><a href="#[b4]">&gt;&gt;</a>&nbsp;&nbsp;&nbsp;SD_ReadMultiBlocks
<LI><a href="#[91]">&gt;&gt;</a>&nbsp;&nbsp;&nbsp;FindSCR
</UL>

<P><STRONG><a name="[96]"></a>SDIO_DeInit</STRONG> (Thumb, 22 bytes, Stack size 8 bytes, stm32f4xx_sdio.o(i.SDIO_DeInit))
<BR><BR>[Stack]<UL><LI>Max Depth = 8<LI>Call Chain = SDIO_DeInit
</UL>
<BR>[Calls]<UL><LI><a href="#[97]">&gt;&gt;</a>&nbsp;&nbsp;&nbsp;RCC_APB2PeriphResetCmd
</UL>
<BR>[Called By]<UL><LI><a href="#[9f]">&gt;&gt;</a>&nbsp;&nbsp;&nbsp;SD_Init
</UL>

<P><STRONG><a name="[8a]"></a>SDIO_GetCommandResponse</STRONG> (Thumb, 8 bytes, Stack size 0 bytes, stm32f4xx_sdio.o(i.SDIO_GetCommandResponse))
<BR><BR>[Called By]<UL><LI><a href="#[8e]">&gt;&gt;</a>&nbsp;&nbsp;&nbsp;CmdResp6Error
<LI><a href="#[89]">&gt;&gt;</a>&nbsp;&nbsp;&nbsp;CmdResp1Error
</UL>

<P><STRONG><a name="[87]"></a>SDIO_GetFlagStatus</STRONG> (Thumb, 20 bytes, Stack size 0 bytes, stm32f4xx_sdio.o(i.SDIO_GetFlagStatus))
<BR><BR>[Called By]<UL><LI><a href="#[91]">&gt;&gt;</a>&nbsp;&nbsp;&nbsp;FindSCR
<LI><a href="#[86]">&gt;&gt;</a>&nbsp;&nbsp;&nbsp;CmdError
</UL>

<P><STRONG><a name="[b1]"></a>SDIO_GetITStatus</STRONG> (Thumb, 20 bytes, Stack size 0 bytes, stm32f4xx_sdio.o(i.SDIO_GetITStatus))
<BR><BR>[Called By]<UL><LI><a href="#[98]">&gt;&gt;</a>&nbsp;&nbsp;&nbsp;SD_ProcessIRQSrc
</UL>

<P><STRONG><a name="[a5]"></a>SDIO_GetPowerState</STRONG> (Thumb, 10 bytes, Stack size 0 bytes, stm32f4xx_sdio.o(i.SDIO_GetPowerState))
<BR><BR>[Called By]<UL><LI><a href="#[a2]">&gt;&gt;</a>&nbsp;&nbsp;&nbsp;SD_InitializeCards
</UL>

<P><STRONG><a name="[8b]"></a>SDIO_GetResponse</STRONG> (Thumb, 20 bytes, Stack size 8 bytes, stm32f4xx_sdio.o(i.SDIO_GetResponse))
<BR><BR>[Stack]<UL><LI>Max Depth = 8<LI>Call Chain = SDIO_GetResponse
</UL>
<BR>[Called By]<UL><LI><a href="#[9d]">&gt;&gt;</a>&nbsp;&nbsp;&nbsp;SD_SendStatus
<LI><a href="#[a1]">&gt;&gt;</a>&nbsp;&nbsp;&nbsp;SD_PowerON
<LI><a href="#[a2]">&gt;&gt;</a>&nbsp;&nbsp;&nbsp;SD_InitializeCards
<LI><a href="#[95]">&gt;&gt;</a>&nbsp;&nbsp;&nbsp;SDEnWideBus
<LI><a href="#[8e]">&gt;&gt;</a>&nbsp;&nbsp;&nbsp;CmdResp6Error
<LI><a href="#[89]">&gt;&gt;</a>&nbsp;&nbsp;&nbsp;CmdResp1Error
</UL>

<P><STRONG><a name="[3b]"></a>SDIO_IRQHandler</STRONG> (Thumb, 8 bytes, Stack size 8 bytes, sdio_sd.o(i.SDIO_IRQHandler))
<BR><BR>[Stack]<UL><LI>Max Depth = 16<LI>Call Chain = SDIO_IRQHandler &rArr; SD_ProcessIRQSrc
</UL>
<BR>[Calls]<UL><LI><a href="#[98]">&gt;&gt;</a>&nbsp;&nbsp;&nbsp;SD_ProcessIRQSrc
</UL>
<BR>[Address Reference Count : 1]<UL><LI> startup_stm32f40_41xxx.o(RESET)
</UL>
<P><STRONG><a name="[b3]"></a>SDIO_ITConfig</STRONG> (Thumb, 26 bytes, Stack size 0 bytes, stm32f4xx_sdio.o(i.SDIO_ITConfig))
<BR><BR>[Called By]<UL><LI><a href="#[b9]">&gt;&gt;</a>&nbsp;&nbsp;&nbsp;SD_WriteMultiBlocks
<LI><a href="#[b4]">&gt;&gt;</a>&nbsp;&nbsp;&nbsp;SD_ReadMultiBlocks
<LI><a href="#[98]">&gt;&gt;</a>&nbsp;&nbsp;&nbsp;SD_ProcessIRQSrc
</UL>

<P><STRONG><a name="[9a]"></a>SDIO_Init</STRONG> (Thumb, 42 bytes, Stack size 0 bytes, stm32f4xx_sdio.o(i.SDIO_Init))
<BR><BR>[Called By]<UL><LI><a href="#[9f]">&gt;&gt;</a>&nbsp;&nbsp;&nbsp;SD_Init
<LI><a href="#[a1]">&gt;&gt;</a>&nbsp;&nbsp;&nbsp;SD_PowerON
<LI><a href="#[99]">&gt;&gt;</a>&nbsp;&nbsp;&nbsp;SD_EnableWideBusOperation
</UL>

<P><STRONG><a name="[94]"></a>SDIO_ReadData</STRONG> (Thumb, 6 bytes, Stack size 0 bytes, stm32f4xx_sdio.o(i.SDIO_ReadData))
<BR><BR>[Called By]<UL><LI><a href="#[91]">&gt;&gt;</a>&nbsp;&nbsp;&nbsp;FindSCR
</UL>

<P><STRONG><a name="[92]"></a>SDIO_SendCommand</STRONG> (Thumb, 40 bytes, Stack size 0 bytes, stm32f4xx_sdio.o(i.SDIO_SendCommand))
<BR><BR>[Called By]<UL><LI><a href="#[b9]">&gt;&gt;</a>&nbsp;&nbsp;&nbsp;SD_WriteMultiBlocks
<LI><a href="#[b4]">&gt;&gt;</a>&nbsp;&nbsp;&nbsp;SD_ReadMultiBlocks
<LI><a href="#[b6]">&gt;&gt;</a>&nbsp;&nbsp;&nbsp;SD_StopTransfer
<LI><a href="#[9d]">&gt;&gt;</a>&nbsp;&nbsp;&nbsp;SD_SendStatus
<LI><a href="#[a4]">&gt;&gt;</a>&nbsp;&nbsp;&nbsp;SD_SelectDeselect
<LI><a href="#[a1]">&gt;&gt;</a>&nbsp;&nbsp;&nbsp;SD_PowerON
<LI><a href="#[a2]">&gt;&gt;</a>&nbsp;&nbsp;&nbsp;SD_InitializeCards
<LI><a href="#[95]">&gt;&gt;</a>&nbsp;&nbsp;&nbsp;SDEnWideBus
<LI><a href="#[91]">&gt;&gt;</a>&nbsp;&nbsp;&nbsp;FindSCR
</UL>

<P><STRONG><a name="[af]"></a>SDIO_SetPowerState</STRONG> (Thumb, 6 bytes, Stack size 0 bytes, stm32f4xx_sdio.o(i.SDIO_SetPowerState))
<BR><BR>[Called By]<UL><LI><a href="#[a1]">&gt;&gt;</a>&nbsp;&nbsp;&nbsp;SD_PowerON
</UL>

<P><STRONG><a name="[9c]"></a>SD_Detect</STRONG> (Thumb, 12 bytes, Stack size 8 bytes, sdio_sd.o(i.SD_Detect))
<BR><BR>[Stack]<UL><LI>Max Depth = 8<LI>Call Chain = SD_Detect
</UL>
<BR>[Called By]<UL><LI><a href="#[9b]">&gt;&gt;</a>&nbsp;&nbsp;&nbsp;SD_GetState
</UL>

<P><STRONG><a name="[99]"></a>SD_EnableWideBusOperation</STRONG> (Thumb, 136 bytes, Stack size 16 bytes, sdio_sd.o(i.SD_EnableWideBusOperation))
<BR><BR>[Stack]<UL><LI>Max Depth = 104<LI>Call Chain = SD_EnableWideBusOperation &rArr; SDEnWideBus &rArr; FindSCR &rArr; CmdResp1Error &rArr; SDIO_GetResponse
</UL>
<BR>[Calls]<UL><LI><a href="#[9a]">&gt;&gt;</a>&nbsp;&nbsp;&nbsp;SDIO_Init
<LI><a href="#[95]">&gt;&gt;</a>&nbsp;&nbsp;&nbsp;SDEnWideBus
</UL>
<BR>[Called By]<UL><LI><a href="#[9f]">&gt;&gt;</a>&nbsp;&nbsp;&nbsp;SD_Init
</UL>

<P><STRONG><a name="[a3]"></a>SD_GetCardInfo</STRONG> (Thumb, 780 bytes, Stack size 20 bytes, sdio_sd.o(i.SD_GetCardInfo))
<BR><BR>[Stack]<UL><LI>Max Depth = 20<LI>Call Chain = SD_GetCardInfo
</UL>
<BR>[Called By]<UL><LI><a href="#[9f]">&gt;&gt;</a>&nbsp;&nbsp;&nbsp;SD_Init
</UL>

<P><STRONG><a name="[9b]"></a>SD_GetState</STRONG> (Thumb, 38 bytes, Stack size 8 bytes, sdio_sd.o(i.SD_GetState))
<BR><BR>[Stack]<UL><LI>Max Depth = 56<LI>Call Chain = SD_GetState &rArr; SD_SendStatus &rArr; CmdResp1Error &rArr; SDIO_GetResponse
</UL>
<BR>[Calls]<UL><LI><a href="#[9d]">&gt;&gt;</a>&nbsp;&nbsp;&nbsp;SD_SendStatus
<LI><a href="#[9c]">&gt;&gt;</a>&nbsp;&nbsp;&nbsp;SD_Detect
</UL>
<BR>[Called By]<UL><LI><a href="#[9e]">&gt;&gt;</a>&nbsp;&nbsp;&nbsp;SD_GetStatus
</UL>

<P><STRONG><a name="[9e]"></a>SD_GetStatus</STRONG> (Thumb, 30 bytes, Stack size 8 bytes, sdio_sd.o(i.SD_GetStatus))
<BR><BR>[Stack]<UL><LI>Max Depth = 64<LI>Call Chain = SD_GetStatus &rArr; SD_GetState &rArr; SD_SendStatus &rArr; CmdResp1Error &rArr; SDIO_GetResponse
</UL>
<BR>[Calls]<UL><LI><a href="#[9b]">&gt;&gt;</a>&nbsp;&nbsp;&nbsp;SD_GetState
</UL>
<BR>[Called By]<UL><LI><a href="#[d5]">&gt;&gt;</a>&nbsp;&nbsp;&nbsp;disk_write
<LI><a href="#[d4]">&gt;&gt;</a>&nbsp;&nbsp;&nbsp;disk_read
</UL>

<P><STRONG><a name="[9f]"></a>SD_Init</STRONG> (Thumb, 126 bytes, Stack size 8 bytes, sdio_sd.o(i.SD_Init))
<BR><BR>[Stack]<UL><LI>Max Depth = 112<LI>Call Chain = SD_Init &rArr; SD_EnableWideBusOperation &rArr; SDEnWideBus &rArr; FindSCR &rArr; CmdResp1Error &rArr; SDIO_GetResponse
</UL>
<BR>[Calls]<UL><LI><a href="#[9a]">&gt;&gt;</a>&nbsp;&nbsp;&nbsp;SDIO_Init
<LI><a href="#[96]">&gt;&gt;</a>&nbsp;&nbsp;&nbsp;SDIO_DeInit
<LI><a href="#[a4]">&gt;&gt;</a>&nbsp;&nbsp;&nbsp;SD_SelectDeselect
<LI><a href="#[a1]">&gt;&gt;</a>&nbsp;&nbsp;&nbsp;SD_PowerON
<LI><a href="#[a0]">&gt;&gt;</a>&nbsp;&nbsp;&nbsp;SD_LowLevel_Init
<LI><a href="#[a2]">&gt;&gt;</a>&nbsp;&nbsp;&nbsp;SD_InitializeCards
<LI><a href="#[a3]">&gt;&gt;</a>&nbsp;&nbsp;&nbsp;SD_GetCardInfo
<LI><a href="#[99]">&gt;&gt;</a>&nbsp;&nbsp;&nbsp;SD_EnableWideBusOperation
</UL>
<BR>[Called By]<UL><LI><a href="#[5c]">&gt;&gt;</a>&nbsp;&nbsp;&nbsp;main
</UL>

<P><STRONG><a name="[a2]"></a>SD_InitializeCards</STRONG> (Thumb, 294 bytes, Stack size 16 bytes, sdio_sd.o(i.SD_InitializeCards))
<BR><BR>[Stack]<UL><LI>Max Depth = 48<LI>Call Chain = SD_InitializeCards &rArr; CmdResp6Error &rArr; SDIO_GetResponse
</UL>
<BR>[Calls]<UL><LI><a href="#[92]">&gt;&gt;</a>&nbsp;&nbsp;&nbsp;SDIO_SendCommand
<LI><a href="#[8b]">&gt;&gt;</a>&nbsp;&nbsp;&nbsp;SDIO_GetResponse
<LI><a href="#[a5]">&gt;&gt;</a>&nbsp;&nbsp;&nbsp;SDIO_GetPowerState
<LI><a href="#[8e]">&gt;&gt;</a>&nbsp;&nbsp;&nbsp;CmdResp6Error
<LI><a href="#[8c]">&gt;&gt;</a>&nbsp;&nbsp;&nbsp;CmdResp2Error
</UL>
<BR>[Called By]<UL><LI><a href="#[9f]">&gt;&gt;</a>&nbsp;&nbsp;&nbsp;SD_Init
</UL>

<P><STRONG><a name="[a6]"></a>SD_LowLevel_DMA_RxConfig</STRONG> (Thumb, 132 bytes, Stack size 72 bytes, sdio_sd.o(i.SD_LowLevel_DMA_RxConfig))
<BR><BR>[Stack]<UL><LI>Max Depth = 80<LI>Call Chain = SD_LowLevel_DMA_RxConfig &rArr; DMA_Init
</UL>
<BR>[Calls]<UL><LI><a href="#[aa]">&gt;&gt;</a>&nbsp;&nbsp;&nbsp;DMA_Init
<LI><a href="#[ab]">&gt;&gt;</a>&nbsp;&nbsp;&nbsp;DMA_ITConfig
<LI><a href="#[ac]">&gt;&gt;</a>&nbsp;&nbsp;&nbsp;DMA_FlowControllerConfig
<LI><a href="#[a9]">&gt;&gt;</a>&nbsp;&nbsp;&nbsp;DMA_DeInit
<LI><a href="#[a8]">&gt;&gt;</a>&nbsp;&nbsp;&nbsp;DMA_Cmd
<LI><a href="#[a7]">&gt;&gt;</a>&nbsp;&nbsp;&nbsp;DMA_ClearFlag
</UL>
<BR>[Called By]<UL><LI><a href="#[b4]">&gt;&gt;</a>&nbsp;&nbsp;&nbsp;SD_ReadMultiBlocks
</UL>

<P><STRONG><a name="[ad]"></a>SD_LowLevel_DMA_TxConfig</STRONG> (Thumb, 134 bytes, Stack size 72 bytes, sdio_sd.o(i.SD_LowLevel_DMA_TxConfig))
<BR><BR>[Stack]<UL><LI>Max Depth = 80<LI>Call Chain = SD_LowLevel_DMA_TxConfig &rArr; DMA_Init
</UL>
<BR>[Calls]<UL><LI><a href="#[aa]">&gt;&gt;</a>&nbsp;&nbsp;&nbsp;DMA_Init
<LI><a href="#[ab]">&gt;&gt;</a>&nbsp;&nbsp;&nbsp;DMA_ITConfig
<LI><a href="#[ac]">&gt;&gt;</a>&nbsp;&nbsp;&nbsp;DMA_FlowControllerConfig
<LI><a href="#[a9]">&gt;&gt;</a>&nbsp;&nbsp;&nbsp;DMA_DeInit
<LI><a href="#[a8]">&gt;&gt;</a>&nbsp;&nbsp;&nbsp;DMA_Cmd
<LI><a href="#[a7]">&gt;&gt;</a>&nbsp;&nbsp;&nbsp;DMA_ClearFlag
</UL>
<BR>[Called By]<UL><LI><a href="#[b9]">&gt;&gt;</a>&nbsp;&nbsp;&nbsp;SD_WriteMultiBlocks
</UL>

<P><STRONG><a name="[a0]"></a>SD_LowLevel_Init</STRONG> (Thumb, 210 bytes, Stack size 16 bytes, sdio_sd.o(i.SD_LowLevel_Init))
<BR><BR>[Stack]<UL><LI>Max Depth = 36<LI>Call Chain = SD_LowLevel_Init &rArr; GPIO_PinAFConfig
</UL>
<BR>[Calls]<UL><LI><a href="#[71]">&gt;&gt;</a>&nbsp;&nbsp;&nbsp;RCC_AHB1PeriphClockCmd
<LI><a href="#[74]">&gt;&gt;</a>&nbsp;&nbsp;&nbsp;NVIC_Init
<LI><a href="#[72]">&gt;&gt;</a>&nbsp;&nbsp;&nbsp;GPIO_PinAFConfig
<LI><a href="#[73]">&gt;&gt;</a>&nbsp;&nbsp;&nbsp;GPIO_Init
<LI><a href="#[ae]">&gt;&gt;</a>&nbsp;&nbsp;&nbsp;RCC_APB2PeriphClockCmd
</UL>
<BR>[Called By]<UL><LI><a href="#[9f]">&gt;&gt;</a>&nbsp;&nbsp;&nbsp;SD_Init
</UL>

<P><STRONG><a name="[a1]"></a>SD_PowerON</STRONG> (Thumb, 400 bytes, Stack size 24 bytes, sdio_sd.o(i.SD_PowerON))
<BR><BR>[Stack]<UL><LI>Max Depth = 56<LI>Call Chain = SD_PowerON &rArr; CmdResp1Error &rArr; SDIO_GetResponse
</UL>
<BR>[Calls]<UL><LI><a href="#[af]">&gt;&gt;</a>&nbsp;&nbsp;&nbsp;SDIO_SetPowerState
<LI><a href="#[92]">&gt;&gt;</a>&nbsp;&nbsp;&nbsp;SDIO_SendCommand
<LI><a href="#[9a]">&gt;&gt;</a>&nbsp;&nbsp;&nbsp;SDIO_Init
<LI><a href="#[8b]">&gt;&gt;</a>&nbsp;&nbsp;&nbsp;SDIO_GetResponse
<LI><a href="#[b0]">&gt;&gt;</a>&nbsp;&nbsp;&nbsp;SDIO_ClockCmd
<LI><a href="#[8f]">&gt;&gt;</a>&nbsp;&nbsp;&nbsp;CmdResp7Error
<LI><a href="#[8d]">&gt;&gt;</a>&nbsp;&nbsp;&nbsp;CmdResp3Error
<LI><a href="#[89]">&gt;&gt;</a>&nbsp;&nbsp;&nbsp;CmdResp1Error
<LI><a href="#[86]">&gt;&gt;</a>&nbsp;&nbsp;&nbsp;CmdError
</UL>
<BR>[Called By]<UL><LI><a href="#[9f]">&gt;&gt;</a>&nbsp;&nbsp;&nbsp;SD_Init
</UL>

<P><STRONG><a name="[90]"></a>SD_ProcessDMAIRQ</STRONG> (Thumb, 32 bytes, Stack size 8 bytes, sdio_sd.o(i.SD_ProcessDMAIRQ))
<BR><BR>[Stack]<UL><LI>Max Depth = 8<LI>Call Chain = SD_ProcessDMAIRQ
</UL>
<BR>[Calls]<UL><LI><a href="#[a7]">&gt;&gt;</a>&nbsp;&nbsp;&nbsp;DMA_ClearFlag
</UL>
<BR>[Called By]<UL><LI><a href="#[45]">&gt;&gt;</a>&nbsp;&nbsp;&nbsp;DMA2_Stream3_IRQHandler
</UL>

<P><STRONG><a name="[98]"></a>SD_ProcessIRQSrc</STRONG> (Thumb, 162 bytes, Stack size 8 bytes, sdio_sd.o(i.SD_ProcessIRQSrc))
<BR><BR>[Stack]<UL><LI>Max Depth = 8<LI>Call Chain = SD_ProcessIRQSrc
</UL>
<BR>[Calls]<UL><LI><a href="#[b3]">&gt;&gt;</a>&nbsp;&nbsp;&nbsp;SDIO_ITConfig
<LI><a href="#[b1]">&gt;&gt;</a>&nbsp;&nbsp;&nbsp;SDIO_GetITStatus
<LI><a href="#[b2]">&gt;&gt;</a>&nbsp;&nbsp;&nbsp;SDIO_ClearITPendingBit
</UL>
<BR>[Called By]<UL><LI><a href="#[3b]">&gt;&gt;</a>&nbsp;&nbsp;&nbsp;SDIO_IRQHandler
</UL>

<P><STRONG><a name="[b4]"></a>SD_ReadMultiBlocks</STRONG> (Thumb, 220 bytes, Stack size 32 bytes, sdio_sd.o(i.SD_ReadMultiBlocks))
<BR><BR>[Stack]<UL><LI>Max Depth = 112<LI>Call Chain = SD_ReadMultiBlocks &rArr; SD_LowLevel_DMA_RxConfig &rArr; DMA_Init
</UL>
<BR>[Calls]<UL><LI><a href="#[92]">&gt;&gt;</a>&nbsp;&nbsp;&nbsp;SDIO_SendCommand
<LI><a href="#[b3]">&gt;&gt;</a>&nbsp;&nbsp;&nbsp;SDIO_ITConfig
<LI><a href="#[93]">&gt;&gt;</a>&nbsp;&nbsp;&nbsp;SDIO_DataConfig
<LI><a href="#[b5]">&gt;&gt;</a>&nbsp;&nbsp;&nbsp;SDIO_DMACmd
<LI><a href="#[a6]">&gt;&gt;</a>&nbsp;&nbsp;&nbsp;SD_LowLevel_DMA_RxConfig
<LI><a href="#[89]">&gt;&gt;</a>&nbsp;&nbsp;&nbsp;CmdResp1Error
<LI><a href="#[61]">&gt;&gt;</a>&nbsp;&nbsp;&nbsp;__aeabi_uldivmod
</UL>
<BR>[Called By]<UL><LI><a href="#[d4]">&gt;&gt;</a>&nbsp;&nbsp;&nbsp;disk_read
</UL>

<P><STRONG><a name="[a4]"></a>SD_SelectDeselect</STRONG> (Thumb, 50 bytes, Stack size 16 bytes, sdio_sd.o(i.SD_SelectDeselect))
<BR><BR>[Stack]<UL><LI>Max Depth = 48<LI>Call Chain = SD_SelectDeselect &rArr; CmdResp1Error &rArr; SDIO_GetResponse
</UL>
<BR>[Calls]<UL><LI><a href="#[92]">&gt;&gt;</a>&nbsp;&nbsp;&nbsp;SDIO_SendCommand
<LI><a href="#[89]">&gt;&gt;</a>&nbsp;&nbsp;&nbsp;CmdResp1Error
</UL>
<BR>[Called By]<UL><LI><a href="#[9f]">&gt;&gt;</a>&nbsp;&nbsp;&nbsp;SD_Init
</UL>

<P><STRONG><a name="[9d]"></a>SD_SendStatus</STRONG> (Thumb, 74 bytes, Stack size 16 bytes, sdio_sd.o(i.SD_SendStatus))
<BR><BR>[Stack]<UL><LI>Max Depth = 48<LI>Call Chain = SD_SendStatus &rArr; CmdResp1Error &rArr; SDIO_GetResponse
</UL>
<BR>[Calls]<UL><LI><a href="#[92]">&gt;&gt;</a>&nbsp;&nbsp;&nbsp;SDIO_SendCommand
<LI><a href="#[8b]">&gt;&gt;</a>&nbsp;&nbsp;&nbsp;SDIO_GetResponse
<LI><a href="#[89]">&gt;&gt;</a>&nbsp;&nbsp;&nbsp;CmdResp1Error
</UL>
<BR>[Called By]<UL><LI><a href="#[9b]">&gt;&gt;</a>&nbsp;&nbsp;&nbsp;SD_GetState
</UL>

<P><STRONG><a name="[b6]"></a>SD_StopTransfer</STRONG> (Thumb, 46 bytes, Stack size 8 bytes, sdio_sd.o(i.SD_StopTransfer))
<BR><BR>[Stack]<UL><LI>Max Depth = 40<LI>Call Chain = SD_StopTransfer &rArr; CmdResp1Error &rArr; SDIO_GetResponse
</UL>
<BR>[Calls]<UL><LI><a href="#[92]">&gt;&gt;</a>&nbsp;&nbsp;&nbsp;SDIO_SendCommand
<LI><a href="#[89]">&gt;&gt;</a>&nbsp;&nbsp;&nbsp;CmdResp1Error
</UL>
<BR>[Called By]<UL><LI><a href="#[b8]">&gt;&gt;</a>&nbsp;&nbsp;&nbsp;SD_WaitWriteOperation
<LI><a href="#[b7]">&gt;&gt;</a>&nbsp;&nbsp;&nbsp;SD_WaitReadOperation
</UL>

<P><STRONG><a name="[b7]"></a>SD_WaitReadOperation</STRONG> (Thumb, 108 bytes, Stack size 16 bytes, sdio_sd.o(i.SD_WaitReadOperation))
<BR><BR>[Stack]<UL><LI>Max Depth = 56<LI>Call Chain = SD_WaitReadOperation &rArr; SD_StopTransfer &rArr; CmdResp1Error &rArr; SDIO_GetResponse
</UL>
<BR>[Calls]<UL><LI><a href="#[88]">&gt;&gt;</a>&nbsp;&nbsp;&nbsp;SDIO_ClearFlag
<LI><a href="#[b6]">&gt;&gt;</a>&nbsp;&nbsp;&nbsp;SD_StopTransfer
</UL>
<BR>[Called By]<UL><LI><a href="#[d4]">&gt;&gt;</a>&nbsp;&nbsp;&nbsp;disk_read
</UL>

<P><STRONG><a name="[b8]"></a>SD_WaitWriteOperation</STRONG> (Thumb, 108 bytes, Stack size 16 bytes, sdio_sd.o(i.SD_WaitWriteOperation))
<BR><BR>[Stack]<UL><LI>Max Depth = 56<LI>Call Chain = SD_WaitWriteOperation &rArr; SD_StopTransfer &rArr; CmdResp1Error &rArr; SDIO_GetResponse
</UL>
<BR>[Calls]<UL><LI><a href="#[88]">&gt;&gt;</a>&nbsp;&nbsp;&nbsp;SDIO_ClearFlag
<LI><a href="#[b6]">&gt;&gt;</a>&nbsp;&nbsp;&nbsp;SD_StopTransfer
</UL>
<BR>[Called By]<UL><LI><a href="#[d5]">&gt;&gt;</a>&nbsp;&nbsp;&nbsp;disk_write
</UL>

<P><STRONG><a name="[b9]"></a>SD_WriteMultiBlocks</STRONG> (Thumb, 312 bytes, Stack size 32 bytes, sdio_sd.o(i.SD_WriteMultiBlocks))
<BR><BR>[Stack]<UL><LI>Max Depth = 112<LI>Call Chain = SD_WriteMultiBlocks &rArr; SD_LowLevel_DMA_TxConfig &rArr; DMA_Init
</UL>
<BR>[Calls]<UL><LI><a href="#[92]">&gt;&gt;</a>&nbsp;&nbsp;&nbsp;SDIO_SendCommand
<LI><a href="#[b3]">&gt;&gt;</a>&nbsp;&nbsp;&nbsp;SDIO_ITConfig
<LI><a href="#[93]">&gt;&gt;</a>&nbsp;&nbsp;&nbsp;SDIO_DataConfig
<LI><a href="#[b5]">&gt;&gt;</a>&nbsp;&nbsp;&nbsp;SDIO_DMACmd
<LI><a href="#[ad]">&gt;&gt;</a>&nbsp;&nbsp;&nbsp;SD_LowLevel_DMA_TxConfig
<LI><a href="#[89]">&gt;&gt;</a>&nbsp;&nbsp;&nbsp;CmdResp1Error
<LI><a href="#[61]">&gt;&gt;</a>&nbsp;&nbsp;&nbsp;__aeabi_uldivmod
</UL>
<BR>[Called By]<UL><LI><a href="#[d5]">&gt;&gt;</a>&nbsp;&nbsp;&nbsp;disk_write
</UL>

<P><STRONG><a name="[6]"></a>SVC_Handler</STRONG> (Thumb, 2 bytes, Stack size 0 bytes, stm32f4xx_it.o(i.SVC_Handler))
<BR>[Address Reference Count : 1]<UL><LI> startup_stm32f40_41xxx.o(RESET)
</UL>
<P><STRONG><a name="[9]"></a>SysTick_Handler</STRONG> (Thumb, 2 bytes, Stack size 0 bytes, stm32f4xx_it.o(i.SysTick_Handler))
<BR>[Address Reference Count : 1]<UL><LI> startup_stm32f40_41xxx.o(RESET)
</UL>
<P><STRONG><a name="[5d]"></a>SystemInit</STRONG> (Thumb, 88 bytes, Stack size 8 bytes, system_stm32f4xx.o(i.SystemInit))
<BR><BR>[Stack]<UL><LI>Max Depth = 20<LI>Call Chain = SystemInit &rArr; SetSysClock
</UL>
<BR>[Calls]<UL><LI><a href="#[ba]">&gt;&gt;</a>&nbsp;&nbsp;&nbsp;SetSysClock
</UL>
<BR>[Address Reference Count : 1]<UL><LI> startup_stm32f40_41xxx.o(.text)
</UL>
<P><STRONG><a name="[5]"></a>UsageFault_Handler</STRONG> (Thumb, 4 bytes, Stack size 0 bytes, stm32f4xx_it.o(i.UsageFault_Handler))
<BR>[Address Reference Count : 1]<UL><LI> startup_stm32f40_41xxx.o(RESET)
</UL>
<P><STRONG><a name="[f2]"></a>__scatterload_copy</STRONG> (Thumb, 14 bytes, Stack size unknown bytes, handlers.o(i.__scatterload_copy), UNUSED)

<P><STRONG><a name="[f3]"></a>__scatterload_null</STRONG> (Thumb, 2 bytes, Stack size unknown bytes, handlers.o(i.__scatterload_null), UNUSED)

<P><STRONG><a name="[f4]"></a>__scatterload_zeroinit</STRONG> (Thumb, 14 bytes, Stack size unknown bytes, handlers.o(i.__scatterload_zeroinit), UNUSED)

<P><STRONG><a name="[e7]"></a>delay_init</STRONG> (Thumb, 78 bytes, Stack size 0 bytes, delay.o(i.delay_init))
<BR><BR>[Called By]<UL><LI><a href="#[5c]">&gt;&gt;</a>&nbsp;&nbsp;&nbsp;main
</UL>

<P><STRONG><a name="[7a]"></a>delay_ms</STRONG> (Thumb, 80 bytes, Stack size 0 bytes, delay.o(i.delay_ms))
<BR><BR>[Called By]<UL><LI><a href="#[78]">&gt;&gt;</a>&nbsp;&nbsp;&nbsp;CAN_IAP_Hex
</UL>

<P><STRONG><a name="[e4]"></a>disk_initialize</STRONG> (Thumb, 6 bytes, Stack size 0 bytes, diskio.o(i.disk_initialize))
<BR><BR>[Called By]<UL><LI><a href="#[da]">&gt;&gt;</a>&nbsp;&nbsp;&nbsp;find_volume
</UL>

<P><STRONG><a name="[e8]"></a>disk_ioctl</STRONG> (Thumb, 6 bytes, Stack size 0 bytes, diskio.o(i.disk_ioctl))
<BR><BR>[Called By]<UL><LI><a href="#[e2]">&gt;&gt;</a>&nbsp;&nbsp;&nbsp;sync_fs
</UL>

<P><STRONG><a name="[d4]"></a>disk_read</STRONG> (Thumb, 58 bytes, Stack size 32 bytes, diskio.o(i.disk_read))
<BR><BR>[Stack]<UL><LI>Max Depth = 144<LI>Call Chain = disk_read &rArr; SD_ReadMultiBlocks &rArr; SD_LowLevel_DMA_RxConfig &rArr; DMA_Init
</UL>
<BR>[Calls]<UL><LI><a href="#[b7]">&gt;&gt;</a>&nbsp;&nbsp;&nbsp;SD_WaitReadOperation
<LI><a href="#[b4]">&gt;&gt;</a>&nbsp;&nbsp;&nbsp;SD_ReadMultiBlocks
<LI><a href="#[9e]">&gt;&gt;</a>&nbsp;&nbsp;&nbsp;SD_GetStatus
</UL>
<BR>[Called By]<UL><LI><a href="#[7e]">&gt;&gt;</a>&nbsp;&nbsp;&nbsp;f_read
<LI><a href="#[7c]">&gt;&gt;</a>&nbsp;&nbsp;&nbsp;f_open
<LI><a href="#[7d]">&gt;&gt;</a>&nbsp;&nbsp;&nbsp;f_lseek
<LI><a href="#[bc]">&gt;&gt;</a>&nbsp;&nbsp;&nbsp;move_window
</UL>

<P><STRONG><a name="[e3]"></a>disk_status</STRONG> (Thumb, 6 bytes, Stack size 0 bytes, diskio.o(i.disk_status))
<BR><BR>[Called By]<UL><LI><a href="#[d7]">&gt;&gt;</a>&nbsp;&nbsp;&nbsp;validate
<LI><a href="#[da]">&gt;&gt;</a>&nbsp;&nbsp;&nbsp;find_volume
</UL>

<P><STRONG><a name="[d5]"></a>disk_write</STRONG> (Thumb, 58 bytes, Stack size 32 bytes, diskio.o(i.disk_write))
<BR><BR>[Stack]<UL><LI>Max Depth = 144<LI>Call Chain = disk_write &rArr; SD_WriteMultiBlocks &rArr; SD_LowLevel_DMA_TxConfig &rArr; DMA_Init
</UL>
<BR>[Calls]<UL><LI><a href="#[b9]">&gt;&gt;</a>&nbsp;&nbsp;&nbsp;SD_WriteMultiBlocks
<LI><a href="#[b8]">&gt;&gt;</a>&nbsp;&nbsp;&nbsp;SD_WaitWriteOperation
<LI><a href="#[9e]">&gt;&gt;</a>&nbsp;&nbsp;&nbsp;SD_GetStatus
</UL>
<BR>[Called By]<UL><LI><a href="#[7e]">&gt;&gt;</a>&nbsp;&nbsp;&nbsp;f_read
<LI><a href="#[7d]">&gt;&gt;</a>&nbsp;&nbsp;&nbsp;f_lseek
<LI><a href="#[d6]">&gt;&gt;</a>&nbsp;&nbsp;&nbsp;f_sync
<LI><a href="#[ce]">&gt;&gt;</a>&nbsp;&nbsp;&nbsp;sync_window
<LI><a href="#[e2]">&gt;&gt;</a>&nbsp;&nbsp;&nbsp;sync_fs
</UL>

<P><STRONG><a name="[82]"></a>f_close</STRONG> (Thumb, 34 bytes, Stack size 16 bytes, ff.o(i.f_close))
<BR><BR>[Stack]<UL><LI>Max Depth = 224<LI>Call Chain = f_close &rArr; f_sync &rArr; sync_fs &rArr; sync_window &rArr; disk_write &rArr; SD_WriteMultiBlocks &rArr; SD_LowLevel_DMA_TxConfig &rArr; DMA_Init
</UL>
<BR>[Calls]<UL><LI><a href="#[d6]">&gt;&gt;</a>&nbsp;&nbsp;&nbsp;f_sync
<LI><a href="#[d7]">&gt;&gt;</a>&nbsp;&nbsp;&nbsp;validate
</UL>
<BR>[Called By]<UL><LI><a href="#[78]">&gt;&gt;</a>&nbsp;&nbsp;&nbsp;CAN_IAP_Hex
</UL>

<P><STRONG><a name="[7d]"></a>f_lseek</STRONG> (Thumb, 686 bytes, Stack size 72 bytes, ff.o(i.f_lseek))
<BR><BR>[Stack]<UL><LI>Max Depth = 320<LI>Call Chain = f_lseek &rArr; create_chain &rArr; put_fat &rArr; move_window &rArr; sync_window &rArr; disk_write &rArr; SD_WriteMultiBlocks &rArr; SD_LowLevel_DMA_TxConfig &rArr; DMA_Init
</UL>
<BR>[Calls]<UL><LI><a href="#[d5]">&gt;&gt;</a>&nbsp;&nbsp;&nbsp;disk_write
<LI><a href="#[d4]">&gt;&gt;</a>&nbsp;&nbsp;&nbsp;disk_read
<LI><a href="#[d7]">&gt;&gt;</a>&nbsp;&nbsp;&nbsp;validate
<LI><a href="#[c2]">&gt;&gt;</a>&nbsp;&nbsp;&nbsp;get_fat
<LI><a href="#[c1]">&gt;&gt;</a>&nbsp;&nbsp;&nbsp;create_chain
<LI><a href="#[cf]">&gt;&gt;</a>&nbsp;&nbsp;&nbsp;clust2sect
<LI><a href="#[d8]">&gt;&gt;</a>&nbsp;&nbsp;&nbsp;clmt_clust
</UL>
<BR>[Called By]<UL><LI><a href="#[78]">&gt;&gt;</a>&nbsp;&nbsp;&nbsp;CAN_IAP_Hex
</UL>

<P><STRONG><a name="[7b]"></a>f_mount</STRONG> (Thumb, 86 bytes, Stack size 40 bytes, ff.o(i.f_mount))
<BR><BR>[Stack]<UL><LI>Max Depth = 328<LI>Call Chain = f_mount &rArr; find_volume &rArr; check_fs &rArr; move_window &rArr; sync_window &rArr; disk_write &rArr; SD_WriteMultiBlocks &rArr; SD_LowLevel_DMA_TxConfig &rArr; DMA_Init
</UL>
<BR>[Calls]<UL><LI><a href="#[d9]">&gt;&gt;</a>&nbsp;&nbsp;&nbsp;get_ldnumber
<LI><a href="#[da]">&gt;&gt;</a>&nbsp;&nbsp;&nbsp;find_volume
</UL>
<BR>[Called By]<UL><LI><a href="#[78]">&gt;&gt;</a>&nbsp;&nbsp;&nbsp;CAN_IAP_Hex
</UL>

<P><STRONG><a name="[7c]"></a>f_open</STRONG> (Thumb, 498 bytes, Stack size 104 bytes, ff.o(i.f_open))
<BR><BR>[Stack]<UL><LI>Max Depth = 464<LI>Call Chain = f_open &rArr; dir_register &rArr; dir_find &rArr; dir_next &rArr; create_chain &rArr; put_fat &rArr; move_window &rArr; sync_window &rArr; disk_write &rArr; SD_WriteMultiBlocks &rArr; SD_LowLevel_DMA_TxConfig &rArr; DMA_Init
</UL>
<BR>[Calls]<UL><LI><a href="#[dc]">&gt;&gt;</a>&nbsp;&nbsp;&nbsp;get_fattime
<LI><a href="#[d4]">&gt;&gt;</a>&nbsp;&nbsp;&nbsp;disk_read
<LI><a href="#[dd]">&gt;&gt;</a>&nbsp;&nbsp;&nbsp;st_dword
<LI><a href="#[df]">&gt;&gt;</a>&nbsp;&nbsp;&nbsp;st_clust
<LI><a href="#[e0]">&gt;&gt;</a>&nbsp;&nbsp;&nbsp;remove_chain
<LI><a href="#[bc]">&gt;&gt;</a>&nbsp;&nbsp;&nbsp;move_window
<LI><a href="#[c7]">&gt;&gt;</a>&nbsp;&nbsp;&nbsp;mem_set
<LI><a href="#[be]">&gt;&gt;</a>&nbsp;&nbsp;&nbsp;ld_dword
<LI><a href="#[de]">&gt;&gt;</a>&nbsp;&nbsp;&nbsp;ld_clust
<LI><a href="#[c2]">&gt;&gt;</a>&nbsp;&nbsp;&nbsp;get_fat
<LI><a href="#[db]">&gt;&gt;</a>&nbsp;&nbsp;&nbsp;follow_path
<LI><a href="#[da]">&gt;&gt;</a>&nbsp;&nbsp;&nbsp;find_volume
<LI><a href="#[d0]">&gt;&gt;</a>&nbsp;&nbsp;&nbsp;dir_register
<LI><a href="#[cf]">&gt;&gt;</a>&nbsp;&nbsp;&nbsp;clust2sect
</UL>
<BR>[Called By]<UL><LI><a href="#[78]">&gt;&gt;</a>&nbsp;&nbsp;&nbsp;CAN_IAP_Hex
</UL>

<P><STRONG><a name="[7e]"></a>f_read</STRONG> (Thumb, 428 bytes, Stack size 72 bytes, ff.o(i.f_read))
<BR><BR>[Stack]<UL><LI>Max Depth = 288<LI>Call Chain = f_read &rArr; get_fat &rArr; move_window &rArr; sync_window &rArr; disk_write &rArr; SD_WriteMultiBlocks &rArr; SD_LowLevel_DMA_TxConfig &rArr; DMA_Init
</UL>
<BR>[Calls]<UL><LI><a href="#[d5]">&gt;&gt;</a>&nbsp;&nbsp;&nbsp;disk_write
<LI><a href="#[d4]">&gt;&gt;</a>&nbsp;&nbsp;&nbsp;disk_read
<LI><a href="#[d7]">&gt;&gt;</a>&nbsp;&nbsp;&nbsp;validate
<LI><a href="#[d1]">&gt;&gt;</a>&nbsp;&nbsp;&nbsp;mem_cpy
<LI><a href="#[c2]">&gt;&gt;</a>&nbsp;&nbsp;&nbsp;get_fat
<LI><a href="#[cf]">&gt;&gt;</a>&nbsp;&nbsp;&nbsp;clust2sect
<LI><a href="#[d8]">&gt;&gt;</a>&nbsp;&nbsp;&nbsp;clmt_clust
</UL>
<BR>[Called By]<UL><LI><a href="#[78]">&gt;&gt;</a>&nbsp;&nbsp;&nbsp;CAN_IAP_Hex
</UL>

<P><STRONG><a name="[d6]"></a>f_sync</STRONG> (Thumb, 160 bytes, Stack size 24 bytes, ff.o(i.f_sync))
<BR><BR>[Stack]<UL><LI>Max Depth = 208<LI>Call Chain = f_sync &rArr; sync_fs &rArr; sync_window &rArr; disk_write &rArr; SD_WriteMultiBlocks &rArr; SD_LowLevel_DMA_TxConfig &rArr; DMA_Init
</UL>
<BR>[Calls]<UL><LI><a href="#[dc]">&gt;&gt;</a>&nbsp;&nbsp;&nbsp;get_fattime
<LI><a href="#[d5]">&gt;&gt;</a>&nbsp;&nbsp;&nbsp;disk_write
<LI><a href="#[d7]">&gt;&gt;</a>&nbsp;&nbsp;&nbsp;validate
<LI><a href="#[e2]">&gt;&gt;</a>&nbsp;&nbsp;&nbsp;sync_fs
<LI><a href="#[e1]">&gt;&gt;</a>&nbsp;&nbsp;&nbsp;st_word
<LI><a href="#[dd]">&gt;&gt;</a>&nbsp;&nbsp;&nbsp;st_dword
<LI><a href="#[df]">&gt;&gt;</a>&nbsp;&nbsp;&nbsp;st_clust
<LI><a href="#[bc]">&gt;&gt;</a>&nbsp;&nbsp;&nbsp;move_window
</UL>
<BR>[Called By]<UL><LI><a href="#[82]">&gt;&gt;</a>&nbsp;&nbsp;&nbsp;f_close
</UL>

<P><STRONG><a name="[c5]"></a>ff_convert</STRONG> (Thumb, 70 bytes, Stack size 8 bytes, unicode.o(i.ff_convert))
<BR><BR>[Stack]<UL><LI>Max Depth = 8<LI>Call Chain = ff_convert
</UL>
<BR>[Called By]<UL><LI><a href="#[c4]">&gt;&gt;</a>&nbsp;&nbsp;&nbsp;create_name
</UL>

<P><STRONG><a name="[c0]"></a>ff_wtoupper</STRONG> (Thumb, 156 bytes, Stack size 12 bytes, unicode.o(i.ff_wtoupper))
<BR><BR>[Stack]<UL><LI>Max Depth = 12<LI>Call Chain = ff_wtoupper
</UL>
<BR>[Called By]<UL><LI><a href="#[bf]">&gt;&gt;</a>&nbsp;&nbsp;&nbsp;cmp_lfn
</UL>

<P><STRONG><a name="[dc]"></a>get_fattime</STRONG> (Thumb, 4 bytes, Stack size 0 bytes, diskio.o(i.get_fattime))
<BR><BR>[Called By]<UL><LI><a href="#[7c]">&gt;&gt;</a>&nbsp;&nbsp;&nbsp;f_open
<LI><a href="#[d6]">&gt;&gt;</a>&nbsp;&nbsp;&nbsp;f_sync
</UL>

<P><STRONG><a name="[5c]"></a>main</STRONG> (Thumb, 166 bytes, Stack size 0 bytes, main.o(i.main))
<BR><BR>[Stack]<UL><LI>Max Depth = 512<LI>Call Chain = main &rArr; CAN_IAP_Hex &rArr; f_open &rArr; dir_register &rArr; dir_find &rArr; dir_next &rArr; create_chain &rArr; put_fat &rArr; move_window &rArr; sync_window &rArr; disk_write &rArr; SD_WriteMultiBlocks &rArr; SD_LowLevel_DMA_TxConfig &rArr; DMA_Init
</UL>
<BR>[Calls]<UL><LI><a href="#[e7]">&gt;&gt;</a>&nbsp;&nbsp;&nbsp;delay_init
<LI><a href="#[9f]">&gt;&gt;</a>&nbsp;&nbsp;&nbsp;SD_Init
<LI><a href="#[e6]">&gt;&gt;</a>&nbsp;&nbsp;&nbsp;NVIC_PriorityGroupConfig
<LI><a href="#[79]">&gt;&gt;</a>&nbsp;&nbsp;&nbsp;CAN_WriteData
<LI><a href="#[78]">&gt;&gt;</a>&nbsp;&nbsp;&nbsp;CAN_IAP_Hex
<LI><a href="#[68]">&gt;&gt;</a>&nbsp;&nbsp;&nbsp;CANA_Config
</UL>
<BR>[Address Reference Count : 1]<UL><LI> entry9a.o(.ARM.Collect$$$$0000000B)
</UL><P>
<H3>
Local Symbols
</H3>
<P><STRONG><a name="[80]"></a>CAN_Send_file_data</STRONG> (Thumb, 526 bytes, Stack size 64 bytes, iap.o(i.CAN_Send_file_data))
<BR><BR>[Stack]<UL><LI>Max Depth = 88<LI>Call Chain = CAN_Send_file_data &rArr; CAN_WriteData &rArr; CAN_TransmitStatus
</UL>
<BR>[Calls]<UL><LI><a href="#[83]">&gt;&gt;</a>&nbsp;&nbsp;&nbsp;CRCcalc16
<LI><a href="#[79]">&gt;&gt;</a>&nbsp;&nbsp;&nbsp;CAN_WriteData
</UL>
<BR>[Called By]<UL><LI><a href="#[78]">&gt;&gt;</a>&nbsp;&nbsp;&nbsp;CAN_IAP_Hex
</UL>

<P><STRONG><a name="[83]"></a>CRCcalc16</STRONG> (Thumb, 58 bytes, Stack size 12 bytes, iap.o(i.CRCcalc16))
<BR><BR>[Stack]<UL><LI>Max Depth = 12<LI>Call Chain = CRCcalc16
</UL>
<BR>[Called By]<UL><LI><a href="#[80]">&gt;&gt;</a>&nbsp;&nbsp;&nbsp;CAN_Send_file_data
</UL>

<P><STRONG><a name="[81]"></a>Data_clear</STRONG> (Thumb, 18 bytes, Stack size 0 bytes, iap.o(i.Data_clear))
<BR><BR>[Called By]<UL><LI><a href="#[78]">&gt;&gt;</a>&nbsp;&nbsp;&nbsp;CAN_IAP_Hex
</UL>

<P><STRONG><a name="[e5]"></a>convertion</STRONG> (Thumb, 44 bytes, Stack size 0 bytes, iap.o(i.convertion))
<BR><BR>[Called By]<UL><LI><a href="#[7f]">&gt;&gt;</a>&nbsp;&nbsp;&nbsp;hex_to_bin
</UL>

<P><STRONG><a name="[7f]"></a>hex_to_bin</STRONG> (Thumb, 38 bytes, Stack size 24 bytes, iap.o(i.hex_to_bin))
<BR><BR>[Stack]<UL><LI>Max Depth = 24<LI>Call Chain = hex_to_bin
</UL>
<BR>[Calls]<UL><LI><a href="#[e5]">&gt;&gt;</a>&nbsp;&nbsp;&nbsp;convertion
</UL>
<BR>[Called By]<UL><LI><a href="#[78]">&gt;&gt;</a>&nbsp;&nbsp;&nbsp;CAN_IAP_Hex
</UL>

<P><STRONG><a name="[bb]"></a>check_fs</STRONG> (Thumb, 116 bytes, Stack size 16 bytes, ff.o(i.check_fs))
<BR><BR>[Stack]<UL><LI>Max Depth = 200<LI>Call Chain = check_fs &rArr; move_window &rArr; sync_window &rArr; disk_write &rArr; SD_WriteMultiBlocks &rArr; SD_LowLevel_DMA_TxConfig &rArr; DMA_Init
</UL>
<BR>[Calls]<UL><LI><a href="#[bc]">&gt;&gt;</a>&nbsp;&nbsp;&nbsp;move_window
<LI><a href="#[bd]">&gt;&gt;</a>&nbsp;&nbsp;&nbsp;ld_word
<LI><a href="#[be]">&gt;&gt;</a>&nbsp;&nbsp;&nbsp;ld_dword
</UL>
<BR>[Called By]<UL><LI><a href="#[da]">&gt;&gt;</a>&nbsp;&nbsp;&nbsp;find_volume
</UL>

<P><STRONG><a name="[c6]"></a>chk_chr</STRONG> (Thumb, 20 bytes, Stack size 0 bytes, ff.o(i.chk_chr))
<BR><BR>[Called By]<UL><LI><a href="#[c4]">&gt;&gt;</a>&nbsp;&nbsp;&nbsp;create_name
</UL>

<P><STRONG><a name="[d8]"></a>clmt_clust</STRONG> (Thumb, 50 bytes, Stack size 20 bytes, ff.o(i.clmt_clust))
<BR><BR>[Stack]<UL><LI>Max Depth = 20<LI>Call Chain = clmt_clust
</UL>
<BR>[Called By]<UL><LI><a href="#[7e]">&gt;&gt;</a>&nbsp;&nbsp;&nbsp;f_read
<LI><a href="#[7d]">&gt;&gt;</a>&nbsp;&nbsp;&nbsp;f_lseek
</UL>

<P><STRONG><a name="[cf]"></a>clust2sect</STRONG> (Thumb, 26 bytes, Stack size 0 bytes, ff.o(i.clust2sect))
<BR><BR>[Called By]<UL><LI><a href="#[7e]">&gt;&gt;</a>&nbsp;&nbsp;&nbsp;f_read
<LI><a href="#[7c]">&gt;&gt;</a>&nbsp;&nbsp;&nbsp;f_open
<LI><a href="#[7d]">&gt;&gt;</a>&nbsp;&nbsp;&nbsp;f_lseek
<LI><a href="#[c9]">&gt;&gt;</a>&nbsp;&nbsp;&nbsp;dir_sdi
<LI><a href="#[ca]">&gt;&gt;</a>&nbsp;&nbsp;&nbsp;dir_next
</UL>

<P><STRONG><a name="[bf]"></a>cmp_lfn</STRONG> (Thumb, 148 bytes, Stack size 32 bytes, ff.o(i.cmp_lfn))
<BR><BR>[Stack]<UL><LI>Max Depth = 44<LI>Call Chain = cmp_lfn &rArr; ff_wtoupper
</UL>
<BR>[Calls]<UL><LI><a href="#[c0]">&gt;&gt;</a>&nbsp;&nbsp;&nbsp;ff_wtoupper
<LI><a href="#[bd]">&gt;&gt;</a>&nbsp;&nbsp;&nbsp;ld_word
</UL>
<BR>[Called By]<UL><LI><a href="#[cb]">&gt;&gt;</a>&nbsp;&nbsp;&nbsp;dir_find
</UL>

<P><STRONG><a name="[c1]"></a>create_chain</STRONG> (Thumb, 224 bytes, Stack size 32 bytes, ff.o(i.create_chain))
<BR><BR>[Stack]<UL><LI>Max Depth = 248<LI>Call Chain = create_chain &rArr; put_fat &rArr; move_window &rArr; sync_window &rArr; disk_write &rArr; SD_WriteMultiBlocks &rArr; SD_LowLevel_DMA_TxConfig &rArr; DMA_Init
</UL>
<BR>[Calls]<UL><LI><a href="#[c3]">&gt;&gt;</a>&nbsp;&nbsp;&nbsp;put_fat
<LI><a href="#[c2]">&gt;&gt;</a>&nbsp;&nbsp;&nbsp;get_fat
</UL>
<BR>[Called By]<UL><LI><a href="#[7d]">&gt;&gt;</a>&nbsp;&nbsp;&nbsp;f_lseek
<LI><a href="#[ca]">&gt;&gt;</a>&nbsp;&nbsp;&nbsp;dir_next
</UL>

<P><STRONG><a name="[c4]"></a>create_name</STRONG> (Thumb, 624 bytes, Stack size 56 bytes, ff.o(i.create_name))
<BR><BR>[Stack]<UL><LI>Max Depth = 64<LI>Call Chain = create_name &rArr; ff_convert
</UL>
<BR>[Calls]<UL><LI><a href="#[c5]">&gt;&gt;</a>&nbsp;&nbsp;&nbsp;ff_convert
[...]
</UL>
<BR>[Calls]<UL><LI><a href="#[cc]">&gt;&gt;</a>&nbsp;&nbsp;&nbsp;sum_sfn
<LI><a href="#[bc]">&gt;&gt;</a>&nbsp;&nbsp;&nbsp;move_window
<LI><a href="#[cd]">&gt;&gt;</a>&nbsp;&nbsp;&nbsp;mem_cmp
<LI><a href="#[c9]">&gt;&gt;</a>&nbsp;&nbsp;&nbsp;dir_sdi
<LI><a href="#[ca]">&gt;&gt;</a>&nbsp;&nbsp;&nbsp;dir_next
<LI><a href="#[bf]">&gt;&gt;</a>&nbsp;&nbsp;&nbsp;cmp_lfn
</UL>
<BR>[Called By]<UL><LI><a href="#[db]">&gt;&gt;</a>&nbsp;&nbsp;&nbsp;follow_path
<LI><a href="#[d0]">&gt;&gt;</a>&nbsp;&nbsp;&nbsp;dir_register
</UL>

<P><STRONG><a name="[ca]"></a>dir_next</STRONG> (Thumb, 268 bytes, Stack size 32 bytes, ff.o(i.dir_next))
<BR><BR>[Stack]<UL><LI>Max Depth = 280<LI>Call Chain = dir_next &rArr; create_chain &rArr; put_fat &rArr; move_window &rArr; sync_window &rArr; disk_write &rArr; SD_WriteMultiBlocks &rArr; SD_LowLevel_DMA_TxConfig &rArr; DMA_Init
</UL>
<BR>[Calls]<UL><LI><a href="#[ce]">&gt;&gt;</a>&nbsp;&nbsp;&nbsp;sync_window
<LI><a href="#[c7]">&gt;&gt;</a>&nbsp;&nbsp;&nbsp;mem_set
<LI><a href="#[c2]">&gt;&gt;</a>&nbsp;&nbsp;&nbsp;get_fat
<LI><a href="#[c1]">&gt;&gt;</a>&nbsp;&nbsp;&nbsp;create_chain
<LI><a href="#[cf]">&gt;&gt;</a>&nbsp;&nbsp;&nbsp;clust2sect
</UL>
<BR>[Called By]<UL><LI><a href="#[d0]">&gt;&gt;</a>&nbsp;&nbsp;&nbsp;dir_register
<LI><a href="#[cb]">&gt;&gt;</a>&nbsp;&nbsp;&nbsp;dir_find
<LI><a href="#[c8]">&gt;&gt;</a>&nbsp;&nbsp;&nbsp;dir_alloc
</UL>

<P><STRONG><a name="[d0]"></a>dir_register</STRONG> (Thumb, 322 bytes, Stack size 48 bytes, ff.o(i.dir_register))
<BR><BR>[Stack]<UL><LI>Max Depth = 360<LI>Call Chain = dir_register &rArr; dir_find &rArr; dir_next &rArr; create_chain &rArr; put_fat &rArr; move_window &rArr; sync_window &rArr; disk_write &rArr; SD_WriteMultiBlocks &rArr; SD_LowLevel_DMA_TxConfig &rArr; DMA_Init
</UL>
<BR>[Calls]<UL><LI><a href="#[cc]">&gt;&gt;</a>&nbsp;&nbsp;&nbsp;sum_sfn
<LI><a href="#[d3]">&gt;&gt;</a>&nbsp;&nbsp;&nbsp;put_lfn
<LI><a href="#[bc]">&gt;&gt;</a>&nbsp;&nbsp;&nbsp;move_window
<LI><a href="#[c7]">&gt;&gt;</a>&nbsp;&nbsp;&nbsp;mem_set
<LI><a href="#[d1]">&gt;&gt;</a>&nbsp;&nbsp;&nbsp;mem_cpy
<LI><a href="#[d2]">&gt;&gt;</a>&nbsp;&nbsp;&nbsp;gen_numname
<LI><a href="#[c9]">&gt;&gt;</a>&nbsp;&nbsp;&nbsp;dir_sdi
<LI><a href="#[ca]">&gt;&gt;</a>&nbsp;&nbsp;&nbsp;dir_next
<LI><a href="#[cb]">&gt;&gt;</a>&nbsp;&nbsp;&nbsp;dir_find
<LI><a href="#[c8]">&gt;&gt;</a>&nbsp;&nbsp;&nbsp;dir_alloc
</UL>
<BR>[Called By]<UL><LI><a href="#[7c]">&gt;&gt;</a>&nbsp;&nbsp;&nbsp;f_open
</UL>

<P><STRONG><a name="[c9]"></a>dir_sdi</STRONG> (Thumb, 154 bytes, Stack size 24 bytes, ff.o(i.dir_sdi))
<BR><BR>[Stack]<UL><LI>Max Depth = 240<LI>Call Chain = dir_sdi &rArr; get_fat &rArr; move_window &rArr; sync_window &rArr; disk_write &rArr; SD_WriteMultiBlocks &rArr; SD_LowLevel_DMA_TxConfig &rArr; DMA_Init
</UL>
<BR>[Calls]<UL><LI><a href="#[c2]">&gt;&gt;</a>&nbsp;&nbsp;&nbsp;get_fat
<LI><a href="#[cf]">&gt;&gt;</a>&nbsp;&nbsp;&nbsp;clust2sect
</UL>
<BR>[Called By]<UL><LI><a href="#[db]">&gt;&gt;</a>&nbsp;&nbsp;&nbsp;follow_path
<LI><a href="#[d0]">&gt;&gt;</a>&nbsp;&nbsp;&nbsp;dir_register
<LI><a href="#[cb]">&gt;&gt;</a>&nbsp;&nbsp;&nbsp;dir_find
<LI><a href="#[c8]">&gt;&gt;</a>&nbsp;&nbsp;&nbsp;dir_alloc
</UL>

<P><STRONG><a name="[da]"></a>find_volume</STRONG> (Thumb, 752 bytes, Stack size 88 bytes, ff.o(i.find_volume))
<BR><BR>[Stack]<UL><LI>Max Depth = 288<LI>Call Chain = find_volume &rArr; check_fs &rArr; move_window &rArr; sync_window &rArr; disk_write &rArr; SD_WriteMultiBlocks &rArr; SD_LowLevel_DMA_TxConfig &rArr; DMA_Init
</UL>
<BR>[Calls]<UL><LI><a href="#[e3]">&gt;&gt;</a>&nbsp;&nbsp;&nbsp;disk_status
<LI><a href="#[e4]">&gt;&gt;</a>&nbsp;&nbsp;&nbsp;disk_initialize
<LI><a href="#[bc]">&gt;&gt;</a>&nbsp;&nbsp;&nbsp;move_window
<LI><a href="#[bd]">&gt;&gt;</a>&nbsp;&nbsp;&nbsp;ld_word
<LI><a href="#[be]">&gt;&gt;</a>&nbsp;&nbsp;&nbsp;ld_dword
<LI><a href="#[d9]">&gt;&gt;</a>&nbsp;&nbsp;&nbsp;get_ldnumber
<LI><a href="#[bb]">&gt;&gt;</a>&nbsp;&nbsp;&nbsp;check_fs
</UL>
<BR>[Called By]<UL><LI><a href="#[7c]">&gt;&gt;</a>&nbsp;&nbsp;&nbsp;f_open
<LI><a href="#[7b]">&gt;&gt;</a>&nbsp;&nbsp;&nbsp;f_mount
</UL>

<P><STRONG><a name="[db]"></a>follow_path</STRONG> (Thumb, 208 bytes, Stack size 32 bytes, ff.o(i.follow_path))
<BR><BR>[Stack]<UL><LI>Max Depth = 344<LI>Call Chain = follow_path &rArr; dir_find &rArr; dir_next &rArr; create_chain &rArr; put_fat &rArr; move_window &rArr; sync_window &rArr; disk_write &rArr; SD_WriteMultiBlocks &rArr; SD_LowLevel_DMA_TxConfig &rArr; DMA_Init
</UL>
<BR>[Calls]<UL><LI><a href="#[de]">&gt;&gt;</a>&nbsp;&nbsp;&nbsp;ld_clust
<LI><a href="#[c9]">&gt;&gt;</a>&nbsp;&nbsp;&nbsp;dir_sdi
<LI><a href="#[cb]">&gt;&gt;</a>&nbsp;&nbsp;&nbsp;dir_find
<LI><a href="#[c4]">&gt;&gt;</a>&nbsp;&nbsp;&nbsp;create_name
</UL>
<BR>[Called By]<UL><LI><a href="#[7c]">&gt;&gt;</a>&nbsp;&nbsp;&nbsp;f_open
</UL>

<P><STRONG><a name="[d2]"></a>gen_numname</STRONG> (Thumb, 176 bytes, Stack size 64 bytes, ff.o(i.gen_numname))
<BR><BR>[Stack]<UL><LI>Max Depth = 76<LI>Call Chain = gen_numname &rArr; mem_cpy
</UL>
<BR>[Calls]<UL><LI><a href="#[d1]">&gt;&gt;</a>&nbsp;&nbsp;&nbsp;mem_cpy
</UL>
<BR>[Called By]<UL><LI><a href="#[d0]">&gt;&gt;</a>&nbsp;&nbsp;&nbsp;dir_register
</UL>

<P><STRONG><a name="[c2]"></a>get_fat</STRONG> (Thumb, 224 bytes, Stack size 32 bytes, ff.o(i.get_fat))
<BR><BR>[Stack]<UL><LI>Max Depth = 216<LI>Call Chain = get_fat &rArr; move_window &rArr; sync_window &rArr; disk_write &rArr; SD_WriteMultiBlocks &rArr; SD_LowLevel_DMA_TxConfig &rArr; DMA_Init
</UL>
<BR>[Calls]<UL><LI><a href="#[bc]">&gt;&gt;</a>&nbsp;&nbsp;&nbsp;move_window
<LI><a href="#[bd]">&gt;&gt;</a>&nbsp;&nbsp;&nbsp;ld_word
<LI><a href="#[be]">&gt;&gt;</a>&nbsp;&nbsp;&nbsp;ld_dword
</UL>
<BR>[Called By]<UL><LI><a href="#[7e]">&gt;&gt;</a>&nbsp;&nbsp;&nbsp;f_read
<LI><a href="#[7c]">&gt;&gt;</a>&nbsp;&nbsp;&nbsp;f_open
<LI><a href="#[7d]">&gt;&gt;</a>&nbsp;&nbsp;&nbsp;f_lseek
<LI><a href="#[e0]">&gt;&gt;</a>&nbsp;&nbsp;&nbsp;remove_chain
<LI><a href="#[c9]">&gt;&gt;</a>&nbsp;&nbsp;&nbsp;dir_sdi
<LI><a href="#[ca]">&gt;&gt;</a>&nbsp;&nbsp;&nbsp;dir_next
<LI><a href="#[c1]">&gt;&gt;</a>&nbsp;&nbsp;&nbsp;create_chain
</UL>

<P><STRONG><a name="[d9]"></a>get_ldnumber</STRONG> (Thumb, 76 bytes, Stack size 16 bytes, ff.o(i.get_ldnumber))
<BR><BR>[Stack]<UL><LI>Max Depth = 16<LI>Call Chain = get_ldnumber
</UL>
<BR>[Called By]<UL><LI><a href="#[7b]">&gt;&gt;</a>&nbsp;&nbsp;&nbsp;f_mount
<LI><a href="#[da]">&gt;&gt;</a>&nbsp;&nbsp;&nbsp;find_volume
</UL>

<P><STRONG><a name="[de]"></a>ld_clust</STRONG> (Thumb, 38 bytes, Stack size 16 bytes, ff.o(i.ld_clust))
<BR><BR>[Stack]<UL><LI>Max Depth = 16<LI>Call Chain = ld_clust
</UL>
<BR>[Calls]<UL><LI><a href="#[bd]">&gt;&gt;</a>&nbsp;&nbsp;&nbsp;ld_word
</UL>
<BR>[Called By]<UL><LI><a href="#[7c]">&gt;&gt;</a>&nbsp;&nbsp;&nbsp;f_open
<LI><a href="#[db]">&gt;&gt;</a>&nbsp;&nbsp;&nbsp;follow_path
</UL>

<P><STRONG><a name="[be]"></a>ld_dword</STRONG> (Thumb, 24 bytes, Stack size 0 bytes, ff.o(i.ld_dword))
<BR><BR>[Called By]<UL><LI><a href="#[7c]">&gt;&gt;</a>&nbsp;&nbsp;&nbsp;f_open
<LI><a href="#[c3]">&gt;&gt;</a>&nbsp;&nbsp;&nbsp;put_fat
<LI><a href="#[c2]">&gt;&gt;</a>&nbsp;&nbsp;&nbsp;get_fat
<LI><a href="#[da]">&gt;&gt;</a>&nbsp;&nbsp;&nbsp;find_volume
<LI><a href="#[bb]">&gt;&gt;</a>&nbsp;&nbsp;&nbsp;check_fs
</UL>

<P><STRONG><a name="[bd]"></a>ld_word</STRONG> (Thumb, 12 bytes, Stack size 0 bytes, ff.o(i.ld_word))
<BR><BR>[Called By]<UL><LI><a href="#[de]">&gt;&gt;</a>&nbsp;&nbsp;&nbsp;ld_clust
<LI><a href="#[c2]">&gt;&gt;</a>&nbsp;&nbsp;&nbsp;get_fat
<LI><a href="#[da]">&gt;&gt;</a>&nbsp;&nbsp;&nbsp;find_volume
<LI><a href="#[bf]">&gt;&gt;</a>&nbsp;&nbsp;&nbsp;cmp_lfn
<LI><a href="#[bb]">&gt;&gt;</a>&nbsp;&nbsp;&nbsp;check_fs
</UL>

<P><STRONG><a name="[cd]"></a>mem_cmp</STRONG> (Thumb, 36 bytes, Stack size 20 bytes, ff.o(i.mem_cmp))
<BR><BR>[Stack]<UL><LI>Max Depth = 20<LI>Call Chain = mem_cmp
</UL>
<BR>[Called By]<UL><LI><a href="#[cb]">&gt;&gt;</a>&nbsp;&nbsp;&nbsp;dir_find
</UL>

<P><STRONG><a name="[d1]"></a>mem_cpy</STRONG> (Thumb, 26 bytes, Stack size 12 bytes, ff.o(i.mem_cpy))
<BR><BR>[Stack]<UL><LI>Max Depth = 12<LI>Call Chain = mem_cpy
</UL>
<BR>[Called By]<UL><LI><a href="#[7e]">&gt;&gt;</a>&nbsp;&nbsp;&nbsp;f_read
<LI><a href="#[d2]">&gt;&gt;</a>&nbsp;&nbsp;&nbsp;gen_numname
<LI><a href="#[d0]">&gt;&gt;</a>&nbsp;&nbsp;&nbsp;dir_register
</UL>

<P><STRONG><a name="[c7]"></a>mem_set</STRONG> (Thumb, 18 bytes, Stack size 8 bytes, ff.o(i.mem_set))
<BR><BR>[Stack]<UL><LI>Max Depth = 8<LI>Call Chain = mem_set
</UL>
<BR>[Called By]<UL><LI><a href="#[7c]">&gt;&gt;</a>&nbsp;&nbsp;&nbsp;f_open
<LI><a href="#[e2]">&gt;&gt;</a>&nbsp;&nbsp;&nbsp;sync_fs
<LI><a href="#[d0]">&gt;&gt;</a>&nbsp;&nbsp;&nbsp;dir_register
<LI><a href="#[ca]">&gt;&gt;</a>&nbsp;&nbsp;&nbsp;dir_next
<LI><a href="#[c4]">&gt;&gt;</a>&nbsp;&nbsp;&nbsp;create_name
</UL>

<P><STRONG><a name="[bc]"></a>move_window</STRONG> (Thumb, 52 bytes, Stack size 16 bytes, ff.o(i.move_window))
<BR><BR>[Stack]<UL><LI>Max Depth = 184<LI>Call Chain = move_window &rArr; sync_window &rArr; disk_write &rArr; SD_WriteMultiBlocks &rArr; SD_LowLevel_DMA_TxConfig &rArr; DMA_Init
</UL>
<BR>[Calls]<UL><LI><a href="#[d4]">&gt;&gt;</a>&nbsp;&nbsp;&nbsp;disk_read
<LI><a href="#[ce]">&gt;&gt;</a>&nbsp;&nbsp;&nbsp;sync_window
</UL>
<BR>[Called By]<UL><LI><a href="#[7c]">&gt;&gt;</a>&nbsp;&nbsp;&nbsp;f_open
<LI><a href="#[d6]">&gt;&gt;</a>&nbsp;&nbsp;&nbsp;f_sync
<LI><a href="#[c3]">&gt;&gt;</a>&nbsp;&nbsp;&nbsp;put_fat
<LI><a href="#[c2]">&gt;&gt;</a>&nbsp;&nbsp;&nbsp;get_fat
<LI><a href="#[da]">&gt;&gt;</a>&nbsp;&nbsp;&nbsp;find_volume
<LI><a href="#[d0]">&gt;&gt;</a>&nbsp;&nbsp;&nbsp;dir_register
<LI><a href="#[cb]">&gt;&gt;</a>&nbsp;&nbsp;&nbsp;dir_find
<LI><a href="#[c8]">&gt;&gt;</a>&nbsp;&nbsp;&nbsp;dir_alloc
<LI><a href="#[bb]">&gt;&gt;</a>&nbsp;&nbsp;&nbsp;check_fs
</UL>

<P><STRONG><a name="[c3]"></a>put_fat</STRONG> (Thumb, 312 bytes, Stack size 32 bytes, ff.o(i.put_fat))
<BR><BR>[Stack]<UL><LI>Max Depth = 216<LI>Call Chain = put_fat &rArr; move_window &rArr; sync_window &rArr; disk_write &rArr; SD_WriteMultiBlocks &rArr; SD_LowLevel_DMA_TxConfig &rArr; DMA_Init
</UL>
<BR>[Calls]<UL><LI><a href="#[e1]">&gt;&gt;</a>&nbsp;&nbsp;&nbsp;st_word
<LI><a href="#[dd]">&gt;&gt;</a>&nbsp;&nbsp;&nbsp;st_dword
<LI><a href="#[bc]">&gt;&gt;</a>&nbsp;&nbsp;&nbsp;move_window
<LI><a href="#[be]">&gt;&gt;</a>&nbsp;&nbsp;&nbsp;ld_dword
</UL>
<BR>[Called By]<UL><LI><a href="#[e0]">&gt;&gt;</a>&nbsp;&nbsp;&nbsp;remove_chain
<LI><a href="#[c1]">&gt;&gt;</a>&nbsp;&nbsp;&nbsp;create_chain
</UL>

<P><STRONG><a name="[d3]"></a>put_lfn</STRONG> (Thumb, 124 bytes, Stack size 32 bytes, ff.o(i.put_lfn))
<BR><BR>[Stack]<UL><LI>Max Depth = 32<LI>Call Chain = put_lfn
</UL>
<BR>[Calls]<UL><LI><a href="#[e1]">&gt;&gt;</a>&nbsp;&nbsp;&nbsp;st_word
</UL>
<BR>[Called By]<UL><LI><a href="#[d0]">&gt;&gt;</a>&nbsp;&nbsp;&nbsp;dir_register
</UL>

<P><STRONG><a name="[e0]"></a>remove_chain</STRONG> (Thumb, 154 bytes, Stack size 32 bytes, ff.o(i.remove_chain))
<BR><BR>[Stack]<UL><LI>Max Depth = 248<LI>Call Chain = remove_chain &rArr; put_fat &rArr; move_window &rArr; sync_window &rArr; disk_write &rArr; SD_WriteMultiBlocks &rArr; SD_LowLevel_DMA_TxConfig &rArr; DMA_Init
</UL>
<BR>[Calls]<UL><LI><a href="#[c3]">&gt;&gt;</a>&nbsp;&nbsp;&nbsp;put_fat
<LI><a href="#[c2]">&gt;&gt;</a>&nbsp;&nbsp;&nbsp;get_fat
</UL>
<BR>[Called By]<UL><LI><a href="#[7c]">&gt;&gt;</a>&nbsp;&nbsp;&nbsp;f_open
</UL>

<P><STRONG><a name="[df]"></a>st_clust</STRONG> (Thumb, 36 bytes, Stack size 16 bytes, ff.o(i.st_clust))
<BR><BR>[Stack]<UL><LI>Max Depth = 16<LI>Call Chain = st_clust
</UL>
<BR>[Calls]<UL><LI><a href="#[e1]">&gt;&gt;</a>&nbsp;&nbsp;&nbsp;st_word
</UL>
<BR>[Called By]<UL><LI><a href="#[7c]">&gt;&gt;</a>&nbsp;&nbsp;&nbsp;f_open
<LI><a href="#[d6]">&gt;&gt;</a>&nbsp;&nbsp;&nbsp;f_sync
</UL>

<P><STRONG><a name="[dd]"></a>st_dword</STRONG> (Thumb, 24 bytes, Stack size 0 bytes, ff.o(i.st_dword))
<BR><BR>[Called By]<UL><LI><a href="#[7c]">&gt;&gt;</a>&nbsp;&nbsp;&nbsp;f_open
<LI><a href="#[d6]">&gt;&gt;</a>&nbsp;&nbsp;&nbsp;f_sync
<LI><a href="#[e2]">&gt;&gt;</a>&nbsp;&nbsp;&nbsp;sync_fs
<LI><a href="#[c3]">&gt;&gt;</a>&nbsp;&nbsp;&nbsp;put_fat
</UL>

<P><STRONG><a name="[e1]"></a>st_word</STRONG> (Thumb, 12 bytes, Stack size 0 bytes, ff.o(i.st_word))
<BR><BR>[Called By]<UL><LI><a href="#[d6]">&gt;&gt;</a>&nbsp;&nbsp;&nbsp;f_sync
<LI><a href="#[e2]">&gt;&gt;</a>&nbsp;&nbsp;&nbsp;sync_fs
<LI><a href="#[df]">&gt;&gt;</a>&nbsp;&nbsp;&nbsp;st_clust
<LI><a href="#[d3]">&gt;&gt;</a>&nbsp;&nbsp;&nbsp;put_lfn
<LI><a href="#[c3]">&gt;&gt;</a>&nbsp;&nbsp;&nbsp;put_fat
</UL>

<P><STRONG><a name="[cc]"></a>sum_sfn</STRONG> (Thumb, 32 bytes, Stack size 12 bytes, ff.o(i.sum_sfn))
<BR><BR>[Stack]<UL><LI>Max Depth = 12<LI>Call Chain = sum_sfn
</UL>
<BR>[Called By]<UL><LI><a href="#[d0]">&gt;&gt;</a>&nbsp;&nbsp;&nbsp;dir_register
<LI><a href="#[cb]">&gt;&gt;</a>&nbsp;&nbsp;&nbsp;dir_find
</UL>

<P><STRONG><a name="[e2]"></a>sync_fs</STRONG> (Thumb, 134 bytes, Stack size 16 bytes, ff.o(i.sync_fs))
<BR><BR>[Stack]<UL><LI>Max Depth = 184<LI>Call Chain = sync_fs &rArr; sync_window &rArr; disk_write &rArr; SD_WriteMultiBlocks &rArr; SD_LowLevel_DMA_TxConfig &rArr; DMA_Init
</UL>
<BR>[Calls]<UL><LI><a href="#[d5]">&gt;&gt;</a>&nbsp;&nbsp;&nbsp;disk_write
<LI><a href="#[e8]">&gt;&gt;</a>&nbsp;&nbsp;&nbsp;disk_ioctl
<LI><a href="#[ce]">&gt;&gt;</a>&nbsp;&nbsp;&nbsp;sync_window
<LI><a href="#[e1]">&gt;&gt;</a>&nbsp;&nbsp;&nbsp;st_word
<LI><a href="#[dd]">&gt;&gt;</a>&nbsp;&nbsp;&nbsp;st_dword
<LI><a href="#[c7]">&gt;&gt;</a>&nbsp;&nbsp;&nbsp;mem_set
</UL>
<BR>[Called By]<UL><LI><a href="#[d6]">&gt;&gt;</a>&nbsp;&nbsp;&nbsp;f_sync
</UL>

<P><STRONG><a name="[ce]"></a>sync_window</STRONG> (Thumb, 82 bytes, Stack size 24 bytes, ff.o(i.sync_window))
<BR><BR>[Stack]<UL><LI>Max Depth = 168<LI>Call Chain = sync_window &rArr; disk_write &rArr; SD_WriteMultiBlocks &rArr; SD_LowLevel_DMA_TxConfig &rArr; DMA_Init
</UL>
<BR>[Calls]<UL><LI><a href="#[d5]">&gt;&gt;</a>&nbsp;&nbsp;&nbsp;disk_write
</UL>
<BR>[Called By]<UL><LI><a href="#[e2]">&gt;&gt;</a>&nbsp;&nbsp;&nbsp;sync_fs
<LI><a href="#[bc]">&gt;&gt;</a>&nbsp;&nbsp;&nbsp;move_window
<LI><a href="#[ca]">&gt;&gt;</a>&nbsp;&nbsp;&nbsp;dir_next
</UL>

<P><STRONG><a name="[d7]"></a>validate</STRONG> (Thumb, 60 bytes, Stack size 16 bytes, ff.o(i.validate))
<BR><BR>[Stack]<UL><LI>Max Depth = 16<LI>Call Chain = validate
</UL>
<BR>[Calls]<UL><LI><a href="#[e3]">&gt;&gt;</a>&nbsp;&nbsp;&nbsp;disk_status
</UL>
<BR>[Called By]<UL><LI><a href="#[7e]">&gt;&gt;</a>&nbsp;&nbsp;&nbsp;f_read
<LI><a href="#[7d]">&gt;&gt;</a>&nbsp;&nbsp;&nbsp;f_lseek
<LI><a href="#[82]">&gt;&gt;</a>&nbsp;&nbsp;&nbsp;f_close
<LI><a href="#[d6]">&gt;&gt;</a>&nbsp;&nbsp;&nbsp;f_sync
</UL>

<P><STRONG><a name="[86]"></a>CmdError</STRONG> (Thumb, 44 bytes, Stack size 16 bytes, sdio_sd.o(i.CmdError))
<BR><BR>[Stack]<UL><LI>Max Depth = 16<LI>Call Chain = CmdError
</UL>
<BR>[Calls]<UL><LI><a href="#[87]">&gt;&gt;</a>&nbsp;&nbsp;&nbsp;SDIO_GetFlagStatus
<LI><a href="#[88]">&gt;&gt;</a>&nbsp;&nbsp;&nbsp;SDIO_ClearFlag
</UL>
<BR>[Called By]<UL><LI><a href="#[a1]">&gt;&gt;</a>&nbsp;&nbsp;&nbsp;SD_PowerON
</UL>

<P><STRONG><a name="[89]"></a>CmdResp1Error</STRONG> (Thumb, 298 bytes, Stack size 24 bytes, sdio_sd.o(i.CmdResp1Error))
<BR><BR>[Stack]<UL><LI>Max Depth = 32<LI>Call Chain = CmdResp1Error &rArr; SDIO_GetResponse
</UL>
<BR>[Calls]<UL><LI><a href="#[8b]">&gt;&gt;</a>&nbsp;&nbsp;&nbsp;SDIO_GetResponse
<LI><a href="#[8a]">&gt;&gt;</a>&nbsp;&nbsp;&nbsp;SDIO_GetCommandResponse
<LI><a href="#[88]">&gt;&gt;</a>&nbsp;&nbsp;&nbsp;SDIO_ClearFlag
</UL>
<BR>[Called By]<UL><LI><a href="#[b9]">&gt;&gt;</a>&nbsp;&nbsp;&nbsp;SD_WriteMultiBlocks
<LI><a href="#[b4]">&gt;&gt;</a>&nbsp;&nbsp;&nbsp;SD_ReadMultiBlocks
<LI><a href="#[b6]">&gt;&gt;</a>&nbsp;&nbsp;&nbsp;SD_StopTransfer
<LI><a href="#[9d]">&gt;&gt;</a>&nbsp;&nbsp;&nbsp;SD_SendStatus
<LI><a href="#[a4]">&gt;&gt;</a>&nbsp;&nbsp;&nbsp;SD_SelectDeselect
<LI><a href="#[a1]">&gt;&gt;</a>&nbsp;&nbsp;&nbsp;SD_PowerON
<LI><a href="#[95]">&gt;&gt;</a>&nbsp;&nbsp;&nbsp;SDEnWideBus
<LI><a href="#[91]">&gt;&gt;</a>&nbsp;&nbsp;&nbsp;FindSCR
</UL>

<P><STRONG><a name="[8c]"></a>CmdResp2Error</STRONG> (Thumb, 70 bytes, Stack size 16 bytes, sdio_sd.o(i.CmdResp2Error))
<BR><BR>[Stack]<UL><LI>Max Depth = 16<LI>Call Chain = CmdResp2Error
</UL>
<BR>[Calls]<UL><LI><a href="#[88]">&gt;&gt;</a>&nbsp;&nbsp;&nbsp;SDIO_ClearFlag
</UL>
<BR>[Called By]<UL><LI><a href="#[a2]">&gt;&gt;</a>&nbsp;&nbsp;&nbsp;SD_InitializeCards
</UL>

<P><STRONG><a name="[8d]"></a>CmdResp3Error</STRONG> (Thumb, 52 bytes, Stack size 16 bytes, sdio_sd.o(i.CmdResp3Error))
<BR><BR>[Stack]<UL><LI>Max Depth = 16<LI>Call Chain = CmdResp3Error
</UL>
<BR>[Calls]<UL><LI><a href="#[88]">&gt;&gt;</a>&nbsp;&nbsp;&nbsp;SDIO_ClearFlag
</UL>
<BR>[Called By]<UL><LI><a href="#[a1]">&gt;&gt;</a>&nbsp;&nbsp;&nbsp;SD_PowerON
</UL>

<P><STRONG><a name="[8e]"></a>CmdResp6Error</STRONG> (Thumb, 152 bytes, Stack size 24 bytes, sdio_sd.o(i.CmdResp6Error))
<BR><BR>[Stack]<UL><LI>Max Depth = 32<LI>Call Chain = CmdResp6Error &rArr; SDIO_GetResponse
</UL>
<BR>[Calls]<UL><LI><a href="#[8b]">&gt;&gt;</a>&nbsp;&nbsp;&nbsp;SDIO_GetResponse
<LI><a href="#[8a]">&gt;&gt;</a>&nbsp;&nbsp;&nbsp;SDIO_GetCommandResponse
<LI><a href="#[88]">&gt;&gt;</a>&nbsp;&nbsp;&nbsp;SDIO_ClearFlag
</UL>
<BR>[Called By]<UL><LI><a href="#[a2]">&gt;&gt;</a>&nbsp;&nbsp;&nbsp;SD_InitializeCards
</UL>

<P><STRONG><a name="[8f]"></a>CmdResp7Error</STRONG> (Thumb, 72 bytes, Stack size 16 bytes, sdio_sd.o(i.CmdResp7Error))
<BR><BR>[Stack]<UL><LI>Max Depth = 16<LI>Call Chain = CmdResp7Error
</UL>
<BR>[Calls]<UL><LI><a href="#[88]">&gt;&gt;</a>&nbsp;&nbsp;&nbsp;SDIO_ClearFlag
</UL>
<BR>[Called By]<UL><LI><a href="#[a1]">&gt;&gt;</a>&nbsp;&nbsp;&nbsp;SD_PowerON
</UL>

<P><STRONG><a name="[91]"></a>FindSCR</STRONG> (Thumb, 386 bytes, Stack size 32 bytes, sdio_sd.o(i.FindSCR))
<BR><BR>[Stack]<UL><LI>Max Depth = 64<LI>Call Chain = FindSCR &rArr; CmdResp1Error &rArr; SDIO_GetResponse
</UL>
<BR>[Calls]<UL><LI><a href="#[92]">&gt;&gt;</a>&nbsp;&nbsp;&nbsp;SDIO_SendCommand
<LI><a href="#[94]">&gt;&gt;</a>&nbsp;&nbsp;&nbsp;SDIO_ReadData
<LI><a href="#[87]">&gt;&gt;</a>&nbsp;&nbsp;&nbsp;SDIO_GetFlagStatus
<LI><a href="#[93]">&gt;&gt;</a>&nbsp;&nbsp;&nbsp;SDIO_DataConfig
<LI><a href="#[88]">&gt;&gt;</a>&nbsp;&nbsp;&nbsp;SDIO_ClearFlag
<LI><a href="#[89]">&gt;&gt;</a>&nbsp;&nbsp;&nbsp;CmdResp1Error
</UL>
<BR>[Called By]<UL><LI><a href="#[95]">&gt;&gt;</a>&nbsp;&nbsp;&nbsp;SDEnWideBus
</UL>

<P><STRONG><a name="[95]"></a>SDEnWideBus</STRONG> (Thumb, 274 bytes, Stack size 24 bytes, sdio_sd.o(i.SDEnWideBus))
<BR><BR>[Stack]<UL><LI>Max Depth = 88<LI>Call Chain = SDEnWideBus &rArr; FindSCR &rArr; CmdResp1Error &rArr; SDIO_GetResponse
</UL>
<BR>[Calls]<UL><LI><a href="#[92]">&gt;&gt;</a>&nbsp;&nbsp;&nbsp;SDIO_SendCommand
<LI><a href="#[8b]">&gt;&gt;</a>&nbsp;&nbsp;&nbsp;SDIO_GetResponse
<LI><a href="#[91]">&gt;&gt;</a>&nbsp;&nbsp;&nbsp;FindSCR
<LI><a href="#[89]">&gt;&gt;</a>&nbsp;&nbsp;&nbsp;CmdResp1Error
</UL>
<BR>[Called By]<UL><LI><a href="#[99]">&gt;&gt;</a>&nbsp;&nbsp;&nbsp;SD_EnableWideBusOperation
</UL>

<P><STRONG><a name="[77]"></a>CheckITStatus</STRONG> (Thumb, 18 bytes, Stack size 0 bytes, stm32f4xx_can.o(i.CheckITStatus))
<BR><BR>[Called By]<UL><LI><a href="#[65]">&gt;&gt;</a>&nbsp;&nbsp;&nbsp;CAN_GetITStatus
</UL>

<P><STRONG><a name="[ba]"></a>SetSysClock</STRONG> (Thumb, 220 bytes, Stack size 12 bytes, system_stm32f4xx.o(i.SetSysClock))
<BR><BR>[Stack]<UL><LI>Max Depth = 12<LI>Call Chain = SetSysClock
</UL>
<BR>[Called By]<UL><LI><a href="#[5d]">&gt;&gt;</a>&nbsp;&nbsp;&nbsp;SystemInit
</UL>
<P>
<H3>
Undefined Global Symbols
</H3><HR></body></html>
