<html>
<body>
<pre>
<h1>µVision Build Log</h1>
<h2>Tool Versions:</h2>
IDE-Version: ¦ÌVision V5.23.0.0
Copyright (C) 2017 ARM Ltd and ARM Germany GmbH. All rights reserved.
License Information: arm Microsoft, Microsoft, LIC=R4HGK-Z3TQY-33CM1-CI700-GQ96P-DW0Z5
 
Tool Versions:
Toolchain:       MDK-ARM Professional  Version: 5.23
Toolchain Path:  C:\Professional\ARM\keil\ARM\ARMCC\Bin
C Compiler:      Armcc.exe V5.06 update 4 (build 422)
Assembler:       Armasm.exe V5.06 update 4 (build 422)
Linker/Locator:  ArmLink.exe V5.06 update 4 (build 422)
Library Manager: ArmAr.exe V5.06 update 4 (build 422)
Hex Converter:   FromElf.exe V5.06 update 4 (build 422)
CPU DLL:         SARMCM3.DLL V5.23
Dialog DLL:      DCM.DLL V1.15.0.0
Target DLL:      Segger\JL2CM3.dll V2.99.23.0
Dialog DLL:      TCM.DLL V1.27.0.0
 
<h2>Project:</h2>
H:\Project\STM32_prj\STM32-DSP_CAN_Boot\prj\STM32-DSP-CAN-Boot.uvprojx
Project File Date:  05/21/2017

<h2>Output:</h2>
*** Using Compiler 'V5.06 update 4 (build 422)', folder: 'C:\Professional\ARM\keil\ARM\ARMCC\Bin'
Build target 'DSP_Boot'
compiling IAP.c...
linking...
Program Size: Code=19426 RO-data=1538 RW-data=148 ZI-data=3900  
FromELF: creating hex file...
After Build - User command #1: fromelf.exe --bin -o ..\output\STM32-DSP-CAN-Boot.bin ..\output\STM32-DSP-CAN-Boot.axf
"..\output\STM32-DSP-CAN-Boot.axf" - 0 Error(s), 0 Warning(s).

<h2>Collection of Component include folders:</h2>
  .\RTE\_DSP_Boot
  C:\Professional\ARM\keil\ARM\PACK\Keil\STM32F4xx_DFP\2.11.0\Drivers\CMSIS\Device\ST\STM32F4xx\Include

<h2>Collection of Component Files used:</h2>
Build Time Elapsed:  00:00:03
</pre>
</body>
</html>
